Component: ARM Compiler 5.06 update 7 (build 960) Tool: armlink [4d3601]

==============================================================================

Section Cross References

    main.o(i.main) refers to _printf_pad.o(.text) for _printf_pre_padding
    main.o(i.main) refers to _printf_percent.o(.ARM.Collect$$_printf_percent$$00000000) for _printf_percent
    main.o(i.main) refers to _printf_f.o(.ARM.Collect$$_printf_percent$$00000003) for _printf_f
    main.o(i.main) refers to printf1.o(x$fpl$printf1) for _printf_fp_dec
    main.o(i.main) refers to delay.o(i.delay_init) for delay_init
    main.o(i.main) refers to led.o(i.LED_Init) for LED_Init
    main.o(i.main) refers to usart.o(i.uart_init) for uart_init
    main.o(i.main) refers to oled.o(i.OLED_Init) for OLED_Init
    main.o(i.main) refers to oled.o(i.OLED_ColorTurn) for OLED_ColorTurn
    main.o(i.main) refers to oled.o(i.OLED_DisplayTurn) for OLED_DisplayTurn
    main.o(i.main) refers to cs1237.o(i.CS1237_GPIO_Init) for CS1237_GPIO_Init
    main.o(i.main) refers to delay.o(i.delay_ms) for delay_ms
    main.o(i.main) refers to cs1237.o(i.Con_CS1237) for Con_CS1237
    main.o(i.main) refers to oled.o(i.OLED_ShowChinese) for OLED_ShowChinese
    main.o(i.main) refers to oled.o(i.OLED_ShowString) for OLED_ShowString
    main.o(i.main) refers to oled.o(i.OLED_Refresh) for OLED_Refresh
    main.o(i.main) refers to cs1237.o(i.Read_CS1237) for Read_CS1237
    main.o(i.main) refers to dflt_clz.o(x$fpl$dfltu) for __aeabi_ui2d
    main.o(i.main) refers to dmul.o(x$fpl$dmul) for __aeabi_dmul
    main.o(i.main) refers to ddiv.o(x$fpl$ddiv) for __aeabi_ddiv
    main.o(i.main) refers to d2f.o(x$fpl$d2f) for __aeabi_d2f
    main.o(i.main) refers to f2d.o(x$fpl$f2d) for __aeabi_f2d
    main.o(i.main) refers to noretval__2printf.o(.text) for __2printf
    main.o(i.main) refers to fmul.o(x$fpl$fmul) for __aeabi_fmul
    main.o(i.main) refers to ffixu.o(x$fpl$ffixu) for __aeabi_f2uiz
    main.o(i.main) refers to tm1637.o(i.TM1637_SHOW) for TM1637_SHOW
    main.o(i.main) refers to oled.o(i.OLED_ShowDianya) for OLED_ShowDianya
    main.o(i.main) refers to cs1237.o(.data) for PoolFlag
    system_stm32f10x.o(i.SetSysClock) refers to system_stm32f10x.o(i.SetSysClockTo72) for SetSysClockTo72
    system_stm32f10x.o(i.SystemCoreClockUpdate) refers to system_stm32f10x.o(.data) for SystemCoreClock
    system_stm32f10x.o(i.SystemInit) refers to system_stm32f10x.o(i.SetSysClock) for SetSysClock
    led.o(i.LED_Init) refers to stm32f10x_rcc.o(i.RCC_APB2PeriphClockCmd) for RCC_APB2PeriphClockCmd
    led.o(i.LED_Init) refers to stm32f10x_gpio.o(i.GPIO_Init) for GPIO_Init
    led.o(i.LED_Init) refers to stm32f10x_gpio.o(i.GPIO_SetBits) for GPIO_SetBits
    tm1637.o(i.I2CStart) refers to tm1637.o(i.TM1637_DIO_SetOutput) for TM1637_DIO_SetOutput
    tm1637.o(i.I2CStart) refers to stm32f10x_gpio.o(i.GPIO_SetBits) for GPIO_SetBits
    tm1637.o(i.I2CStart) refers to delay.o(i.delay_us) for delay_us
    tm1637.o(i.I2CStart) refers to stm32f10x_gpio.o(i.GPIO_ResetBits) for GPIO_ResetBits
    tm1637.o(i.I2CStop) refers to tm1637.o(i.TM1637_DIO_SetOutput) for TM1637_DIO_SetOutput
    tm1637.o(i.I2CStop) refers to stm32f10x_gpio.o(i.GPIO_ResetBits) for GPIO_ResetBits
    tm1637.o(i.I2CStop) refers to delay.o(i.delay_us) for delay_us
    tm1637.o(i.I2CStop) refers to stm32f10x_gpio.o(i.GPIO_SetBits) for GPIO_SetBits
    tm1637.o(i.I2CWrByte) refers to tm1637.o(i.TM1637_DIO_SetOutput) for TM1637_DIO_SetOutput
    tm1637.o(i.I2CWrByte) refers to stm32f10x_gpio.o(i.GPIO_ResetBits) for GPIO_ResetBits
    tm1637.o(i.I2CWrByte) refers to stm32f10x_gpio.o(i.GPIO_SetBits) for GPIO_SetBits
    tm1637.o(i.I2CWrByte) refers to delay.o(i.delay_us) for delay_us
    tm1637.o(i.I2Cask) refers to stm32f10x_gpio.o(i.GPIO_ResetBits) for GPIO_ResetBits
    tm1637.o(i.I2Cask) refers to delay.o(i.delay_us) for delay_us
    tm1637.o(i.I2Cask) refers to tm1637.o(i.TM1637_DIO_SetInput) for TM1637_DIO_SetInput
    tm1637.o(i.I2Cask) refers to stm32f10x_gpio.o(i.GPIO_ReadInputDataBit) for GPIO_ReadInputDataBit
    tm1637.o(i.I2Cask) refers to stm32f10x_gpio.o(i.GPIO_SetBits) for GPIO_SetBits
    tm1637.o(i.I2Cask) refers to tm1637.o(i.TM1637_DIO_SetOutput) for TM1637_DIO_SetOutput
    tm1637.o(i.ScanKey) refers to tm1637.o(i.I2CStart) for I2CStart
    tm1637.o(i.ScanKey) refers to tm1637.o(i.I2CWrByte) for I2CWrByte
    tm1637.o(i.ScanKey) refers to tm1637.o(i.I2Cask) for I2Cask
    tm1637.o(i.ScanKey) refers to stm32f10x_gpio.o(i.GPIO_SetBits) for GPIO_SetBits
    tm1637.o(i.ScanKey) refers to tm1637.o(i.TM1637_DIO_SetInput) for TM1637_DIO_SetInput
    tm1637.o(i.ScanKey) refers to stm32f10x_gpio.o(i.GPIO_ResetBits) for GPIO_ResetBits
    tm1637.o(i.ScanKey) refers to delay.o(i.delay_us) for delay_us
    tm1637.o(i.ScanKey) refers to stm32f10x_gpio.o(i.GPIO_ReadInputDataBit) for GPIO_ReadInputDataBit
    tm1637.o(i.ScanKey) refers to tm1637.o(i.I2CStop) for I2CStop
[...]
    Removing stm32f10x_usart.o(i.USART_ClockInit), (34 bytes).
    Removing stm32f10x_usart.o(i.USART_ClockStructInit), (12 bytes).
    Removing stm32f10x_usart.o(i.USART_DMACmd), (18 bytes).
    Removing stm32f10x_usart.o(i.USART_DeInit), (156 bytes).
    Removing stm32f10x_usart.o(i.USART_GetFlagStatus), (26 bytes).
    Removing stm32f10x_usart.o(i.USART_HalfDuplexCmd), (24 bytes).
    Removing stm32f10x_usart.o(i.USART_IrDACmd), (24 bytes).
    Removing stm32f10x_usart.o(i.USART_IrDAConfig), (18 bytes).
    Removing stm32f10x_usart.o(i.USART_LINBreakDetectLengthConfig), (18 bytes).
    Removing stm32f10x_usart.o(i.USART_LINCmd), (24 bytes).
    Removing stm32f10x_usart.o(i.USART_OneBitMethodCmd), (24 bytes).
    Removing stm32f10x_usart.o(i.USART_OverSampling8Cmd), (22 bytes).
    Removing stm32f10x_usart.o(i.USART_ReceiverWakeUpCmd), (24 bytes).
    Removing stm32f10x_usart.o(i.USART_SendBreak), (10 bytes).
    Removing stm32f10x_usart.o(i.USART_SendData), (8 bytes).
    Removing stm32f10x_usart.o(i.USART_SetAddress), (18 bytes).
    Removing stm32f10x_usart.o(i.USART_SetGuardTime), (16 bytes).
    Removing stm32f10x_usart.o(i.USART_SetPrescaler), (16 bytes).
    Removing stm32f10x_usart.o(i.USART_SmartCardCmd), (24 bytes).
    Removing stm32f10x_usart.o(i.USART_SmartCardNACKCmd), (24 bytes).
    Removing stm32f10x_usart.o(i.USART_StructInit), (24 bytes).
    Removing stm32f10x_usart.o(i.USART_WakeUpConfig), (18 bytes).

91 unused section(s) (total 5948 bytes) removed from the image.

==============================================================================

Image Symbol Table

    Local Symbols

    Symbol Name                              Value     Ov Type        Size  Object(Section)

    ../clib/angel/boardlib.s                 0x00000000   Number         0  boardinit3.o ABSOLUTE
    ../clib/angel/boardlib.s                 0x00000000   Number         0  boardinit2.o ABSOLUTE
    ../clib/angel/boardlib.s                 0x00000000   Number         0  boardinit1.o ABSOLUTE
    ../clib/angel/boardlib.s                 0x00000000   Number         0  boardshut.o ABSOLUTE
    ../clib/angel/handlers.s                 0x00000000   Number         0  __scatter_copy.o ABSOLUTE
    ../clib/angel/handlers.s                 0x00000000   Number         0  __scatter_zi.o ABSOLUTE
    ../clib/angel/kernel.s                   0x00000000   Number         0  rtexit2.o ABSOLUTE
    ../clib/angel/kernel.s                   0x00000000   Number         0  rtexit.o ABSOLUTE
    ../clib/angel/kernel.s                   0x00000000   Number         0  __rtentry2.o ABSOLUTE
    ../clib/angel/kernel.s                   0x00000000   Number         0  __rtentry.o ABSOLUTE
    ../clib/angel/kernel.s                   0x00000000   Number         0  __rtentry4.o ABSOLUTE
    ../clib/angel/rt.s                       0x00000000   Number         0  rt_locale.o ABSOLUTE
    ../clib/angel/rt.s                       0x00000000   Number         0  rt_locale_intlibspace.o ABSOLUTE
    ../clib/angel/rt.s                       0x00000000   Number         0  rt_raise.o ABSOLUTE
    ../clib/angel/scatter.s                  0x00000000   Number         0  __scatter.o ABSOLUTE
    ../clib/angel/startup.s                  0x00000000   Number         0  __main.o ABSOLUTE
    ../clib/angel/sys.s                      0x00000000   Number         0  sys_stackheap_outer.o ABSOLUTE
    ../clib/angel/sys.s                      0x00000000   Number         0  use_no_semi_2.o ABSOLUTE
    ../clib/angel/sys.s                      0x00000000   Number         0  indicate_semi.o ABSOLUTE
    ../clib/angel/sys.s                      0x00000000   Number         0  libspace.o ABSOLUTE
    ../clib/angel/sys.s                      0x00000000   Number         0  use_no_semi.o ABSOLUTE
    ../clib/angel/sysapp.c                   0x00000000   Number         0  sys_command.o ABSOLUTE
    ../clib/angel/sysapp.c                   0x00000000   Number         0  sys_wrch.o ABSOLUTE
    ../clib/armsys.c                         0x00000000   Number         0  argv_veneer.o ABSOLUTE
    ../clib/armsys.c                         0x00000000   Number         0  argv_veneer.o ABSOLUTE
    ../clib/armsys.c                         0x00000000   Number         0  _get_argv_nomalloc.o ABSOLUTE
    ../clib/armsys.c                         0x00000000   Number         0  no_argv.o ABSOLUTE
    ../clib/bigflt.c                         0x00000000   Number         0  bigflt0.o ABSOLUTE
    ../clib/btod.s                           0x00000000   Number         0  btod.o ABSOLUTE
    ../clib/heapalloc.c                      0x00000000   Number         0  hrguard.o ABSOLUTE
    ../clib/heapaux.c                        0x00000000   Number         0  heapauxi.o ABSOLUTE
    ../clib/libinit.s                        0x00000000   Number         0  libinit.o ABSOLUTE
    ../clib/libinit.s                        0x00000000   Number         0  libinit2.o ABSOLUTE
    ../clib/libinit.s                        0x00000000   Number         0  libshutdown2.o ABSOLUTE
    ../clib/libinit.s                        0x00000000   Number         0  libshutdown.o ABSOLUTE
    ../clib/locale.s                         0x00000000   Number         0  lc_numeric_c.o ABSOLUTE
    ../clib/longlong.s                       0x00000000   Number         0  lludiv10.o ABSOLUTE
    ../clib/memcpset.s                       0x00000000   Number         0  strcmpv7m.o ABSOLUTE
    ../clib/misc.s                           0x00000000   Number         0  printf_stubs.o ABSOLUTE
    ../clib/printf.c                         0x00000000   Number         0  _printf_fp_infnan.o ABSOLUTE
    ../clib/printf.c                         0x00000000   Number         0  __printf_ss.o ABSOLUTE
    ../clib/printf.c                         0x00000000   Number         0  __printf.o ABSOLUTE
    ../clib/printf.c                         0x00000000   Number         0  __printf_flags.o ABSOLUTE
    ../clib/printf.c                         0x00000000   Number         0  _printf_char_common.o ABSOLUTE
    ../clib/printf.c                         0x00000000   Number         0  noretval__2printf.o ABSOLUTE
    ../clib/printf.c                         0x00000000   Number         0  _printf_char_file.o ABSOLUTE
    ../clib/printf.c                         0x00000000   Number         0  __printf_wp.o ABSOLUTE
    ../clib/printf.c                         0x00000000   Number         0  __printf_nopercent.o ABSOLUTE
    ../clib/printf.c                         0x00000000   Number         0  _printf_hex_ll_ptr.o ABSOLUTE
    ../clib/printf.c                         0x00000000   Number         0  _printf_hex_int_ptr.o ABSOLUTE
    ../clib/printf.c                         0x00000000   Number         0  __2printf.o ABSOLUTE
    ../clib/printf.c                         0x00000000   Number         0  _printf_fp_dec.o ABSOLUTE
    ../clib/printf.c                         0x00000000   Number         0  _printf_hex_ptr.o ABSOLUTE
    ../clib/printf.c                         0x00000000   Number         0  __printf_flags_wp.o ABSOLUTE
    ../clib/printf.c                         0x00000000   Number         0  __printf_ss_wp.o ABSOLUTE
    ../clib/printf.c                         0x00000000   Number         0  __printf_flags_ss_wp.o ABSOLUTE
    ../clib/printf.c                         0x00000000   Number         0  _printf_pad.o ABSOLUTE
    ../clib/printf.c                         0x00000000   Number         0  _printf_hex_int_ll_ptr.o ABSOLUTE
    ../clib/printf.c                         0x00000000   Number         0  __printf_flags_ss.o ABSOLUTE
    ../clib/printf.c                         0x00000000   Number         0  _printf_intcommon.o ABSOLUTE
    ../clib/printf.c                         0x00000000   Number         0  _printf_hex_int_ll.o ABSOLUTE
    ../clib/printf.c                         0x00000000   Number         0  _printf_hex_ll.o ABSOLUTE
    ../clib/printf.c                         0x00000000   Number         0  _printf_hex_int.o ABSOLUTE
    ../clib/printf_percent.s                 0x00000000   Number         0  _printf_percent.o ABSOLUTE
    ../clib/printf_percent.s                 0x00000000   Number         0  _printf_f.o ABSOLUTE
    ../clib/printf_percent.s                 0x00000000   Number         0  _printf_percent_end.o ABSOLUTE
    ../clib/printf_percent.s                 0x00000000   Number         0  _printf_x.o ABSOLUTE
    ../clib/signal.c                         0x00000000   Number         0  defsig_exit.o ABSOLUTE
    ../clib/signal.c                         0x00000000   Number         0  defsig_fpe_inner.o ABSOLUTE
    ../clib/signal.c                         0x00000000   Number         0  defsig_segv_inner.o ABSOLUTE
    ../clib/signal.c                         0x00000000   Number         0  defsig_other.o ABSOLUTE
    ../clib/signal.c                         0x00000000   Number         0  defsig_abrt_inner.o ABSOLUTE
    ../clib/signal.c                         0x00000000   Number         0  defsig_pvfn_inner.o ABSOLUTE
    ../clib/signal.c                         0x00000000   Number         0  defsig_rtmem_outer.o ABSOLUTE
    ../clib/signal.c                         0x00000000   Number         0  defsig_stak_inner.o ABSOLUTE
    ../clib/signal.c                         0x00000000   Number         0  defsig_rtmem_formal.o ABSOLUTE
    ../clib/signal.c                         0x00000000   Number         0  defsig_cppl_inner.o ABSOLUTE
    ../clib/signal.c                         0x00000000   Number         0  defsig_rtred_inner.o ABSOLUTE
    ../clib/signal.c                         0x00000000   Number         0  defsig_general.o ABSOLUTE
    ../clib/signal.c                         0x00000000   Number         0  defsig_rtmem_inner.o ABSOLUTE
    ../clib/signal.c                         0x00000000   Number         0  __raise.o ABSOLUTE
    ../clib/signal.s                         0x00000000   Number         0  defsig.o ABSOLUTE
    ../clib/stdio.c                          0x00000000   Number         0  ferror_locked.o ABSOLUTE
    ../clib/stdio.c                          0x00000000   Number         0  ferror.o ABSOLUTE
    ../clib/stdlib.c                         0x00000000   Number         0  exit.o ABSOLUTE
    ../fplib/d2f.s                           0x00000000   Number         0  d2f.o ABSOLUTE
    ../fplib/ddiv.s                          0x00000000   Number         0  ddiv.o ABSOLUTE
    ../fplib/dflt.s                          0x00000000   Number         0  dflt_clz.o ABSOLUTE
    ../fplib/dmul.s                          0x00000000   Number         0  dmul.o ABSOLUTE
    ../fplib/dnaninf.s                       0x00000000   Number         0  dnaninf.o ABSOLUTE
    ../fplib/dretinf.s                       0x00000000   Number         0  dretinf.o ABSOLUTE
    ../fplib/f2d.s                           0x00000000   Number         0  f2d.o ABSOLUTE
    ../fplib/ffixu.s                         0x00000000   Number         0  ffixu.o ABSOLUTE
    ../fplib/fmul.s                          0x00000000   Number         0  fmul.o ABSOLUTE
    ../fplib/fnaninf.s                       0x00000000   Number         0  fnaninf.o ABSOLUTE
    ../fplib/fpinit.s                        0x00000000   Number         0  fpinit.o ABSOLUTE
    ../fplib/fretinf.s                       0x00000000   Number         0  fretinf.o ABSOLUTE
    ../fplib/istatus.s                       0x00000000   Number         0  istatus.o ABSOLUTE
    ../fplib/printf1.s                       0x00000000   Number         0  printf1.o ABSOLUTE
    ../fplib/usenofp.s                       0x00000000   Number         0  usenofp.o ABSOLUTE
    ../mathlib/fpclassify.c                  0x00000000   Number         0  fpclassify.o ABSOLUTE
    ..\CORE\core_cm3.c                       0x00000000   Number         0  core_cm3.o ABSOLUTE
    ..\CORE\startup_stm32f10x_hd.s           0x00000000   Number         0  startup_stm32f10x_hd.o ABSOLUTE
    ..\HARDWARE\LED\led.c                    0x00000000   Number         0  led.o ABSOLUTE
    ..\HARDWARE\cs1237.c                     0x00000000   Number         0  cs1237.o ABSOLUTE
    ..\HARDWARE\oled.c                       0x00000000   Number         0  oled.o ABSOLUTE
    ..\HARDWARE\tm1637.c                     0x00000000   Number         0  tm1637.o ABSOLUTE
    ..\STM32F10x_FWLib\src\misc.c            0x00000000   Number         0  misc.o ABSOLUTE
    ..\STM32F10x_FWLib\src\stm32f10x_dbgmcu.c 0x00000000   Number         0  stm32f10x_dbgmcu.o ABSOLUTE
    ..\STM32F10x_FWLib\src\stm32f10x_gpio.c  0x00000000   Number         0  stm32f10x_gpio.o ABSOLUTE
    ..\STM32F10x_FWLib\src\stm32f10x_rcc.c   0x00000000   Number         0  stm32f10x_rcc.o ABSOLUTE
    ..\STM32F10x_FWLib\src\stm32f10x_usart.c 0x00000000   Number         0  stm32f10x_usart.o ABSOLUTE
    ..\SYSTEM\delay\delay.c                  0x00000000   Number         0  delay.o ABSOLUTE
    ..\SYSTEM\sys\sys.c                      0x00000000   Number         0  sys.o ABSOLUTE
    ..\SYSTEM\usart\usart.c                  0x00000000   Number         0  usart.o ABSOLUTE
    ..\\CORE\\core_cm3.c                     0x00000000   Number         0  core_cm3.o ABSOLUTE
    ..\\SYSTEM\\sys\\sys.c                   0x00000000   Number         0  sys.o ABSOLUTE
    dc.s                                     0x00000000   Number         0  dc.o ABSOLUTE
    main.c                                   0x00000000   Number         0  main.o ABSOLUTE
    stm32f10x_it.c                           0x00000000   Number         0  stm32f10x_it.o ABSOLUTE
    system_stm32f10x.c                       0x00000000   Number         0  system_stm32f10x.o ABSOLUTE
    RESET                                    0x08000000   Section      304  startup_stm32f10x_hd.o(RESET)
    !!!main                                  0x08000130   Section        8  __main.o(!!!main)
    !!!scatter                               0x08000138   Section       52  __scatter.o(!!!scatter)
    !!handler_copy                           0x0800016c   Section       26  __scatter_copy.o(!!handler_copy)
    !!handler_zi                             0x08000188   Section       28  __scatter_zi.o(!!handler_zi)
    .ARM.Collect$$_printf_percent$$00000000  0x080001a4   Section        0  _printf_percent.o(.ARM.Collect$$_printf_percent$$00000000)
    .ARM.Collect$$_printf_percent$$00000003  0x080001a4   Section        6  _printf_f.o(.ARM.Collect$$_printf_percent$$00000003)
    .ARM.Collect$$_printf_percent$$0000000C  0x080001aa   Section        6  _printf_x.o(.ARM.Collect$$_printf_percent$$0000000C)
    .ARM.Collect$$_printf_percent$$00000017  0x080001b0   Section        4  _printf_percent_end.o(.ARM.Collect$$_printf_percent$$00000017)
    .ARM.Collect$$libinit$$00000000          0x080001b4   Section        2  libinit.o(.ARM.Collect$$libinit$$00000000)
    .ARM.Collect$$libinit$$00000002          0x080001b6   Section        0  libinit2.o(.ARM.Collect$$libinit$$00000002)
    .ARM.Collect$$libinit$$00000004          0x080001b6   Section        0  libinit2.o(.ARM.Collect$$libinit$$00000004)
    .ARM.Collect$$libinit$$0000000A          0x080001b6   Section        0  libinit2.o(.ARM.Collect$$libinit$$0000000A)
    .ARM.Collect$$libinit$$0000000C          0x080001b6   Section        0  libinit2.o(.ARM.Collect$$libinit$$0000000C)
    .ARM.Collect$$libinit$$0000000E          0x080001b6   Section        0  libinit2.o(.ARM.Collect$$libinit$$0000000E)
    .ARM.Collect$$libinit$$0000000F          0x080001b6   Section        6  libinit2.o(.ARM.Collect$$libinit$$0000000F)
    .ARM.Collect$$libinit$$00000011          0x080001bc   Section        0  libinit2.o(.ARM.Collect$$libinit$$00000011)
    .ARM.Collect$$libinit$$00000013          0x080001bc   Section        0  libinit2.o(.ARM.Collect$$libinit$$00000013)
    .ARM.Collect$$libinit$$00000015          0x080001bc   Section        0  libinit2.o(.ARM.Collect$$libinit$$00000015)
    .ARM.Collect$$libinit$$00000016          0x080001bc   Section       10  libinit2.o(.ARM.Collect$$libinit$$00000016)
    .ARM.Collect$$libinit$$00000017          0x080001c6   Section        0  libinit2.o(.ARM.Collect$$libinit$$00000017)
    .ARM.Collect$$libinit$$00000019          0x080001c6   Section        0  libinit2.o(.ARM.Collect$$libinit$$00000019)
    .ARM.Collect$$libinit$$0000001B          0x080001c6   Section        0  libinit2.o(.ARM.Collect$$libinit$$0000001B)
    .ARM.Collect$$libinit$$0000001D          0x080001c6   Section        0  libinit2.o(.ARM.Collect$$libinit$$0000001D)
    .ARM.Collect$$libinit$$0000001F          0x080001c6   Section        0  libinit2.o(.ARM.Collect$$libinit$$0000001F)
    .ARM.Collect$$libinit$$00000021          0x080001c6   Section        0  libinit2.o(.ARM.Collect$$libinit$$00000021)
    .ARM.Collect$$libinit$$00000023          0x080001c6   Section        0  libinit2.o(.ARM.Collect$$libinit$$00000023)
    .ARM.Collect$$libinit$$00000025          0x080001c6   Section        0  libinit2.o(.ARM.Collect$$libinit$$00000025)
    .ARM.Collect$$libinit$$0000002C          0x080001c6   Section        0  libinit2.o(.ARM.Collect$$libinit$$0000002C)
    .ARM.Collect$$libinit$$0000002E          0x080001c6   Section        0  libinit2.o(.ARM.Collect$$libinit$$0000002E)
    .ARM.Collect$$libinit$$00000030          0x080001c6   Section        0  libinit2.o(.ARM.Collect$$libinit$$00000030)
    .ARM.Collect$$libinit$$00000032          0x080001c6   Section        0  libinit2.o(.ARM.Collect$$libinit$$00000032)
    .ARM.Collect$$libinit$$00000033          0x080001c6   Section        2  libinit2.o(.ARM.Collect$$libinit$$00000033)
    .ARM.Collect$$libshutdown$$00000000      0x080001c8   Section        2  libshutdown.o(.ARM.Collect$$libshutdown$$00000000)
    .ARM.Collect$$libshutdown$$00000002      0x080001ca   Section        0  libshutdown2.o(.ARM.Collect$$libshutdown$$00000002)
    .ARM.Collect$$libshutdown$$00000004      0x080001ca   Section        0  libshutdown2.o(.ARM.Collect$$libshutdown$$00000004)
    .ARM.Collect$$libshutdown$$00000006      0x080001ca   Section        0  libshutdown2.o(.ARM.Collect$$libshutdown$$00000006)
    .ARM.Collect$$libshutdown$$00000009      0x080001ca   Section        0  libshutdown2.o(.ARM.Collect$$libshutdown$$00000009)
    .ARM.Collect$$libshutdown$$0000000C      0x080001ca   Section        0  libshutdown2.o(.ARM.Collect$$libshutdown$$0000000C)
    .ARM.Collect$$libshutdown$$0000000E      0x080001ca   Section        0  libshutdown2.o(.ARM.Collect$$libshutdown$$0000000E)
    .ARM.Collect$$libshutdown$$00000011      0x080001ca   Section        0  libshutdown2.o(.ARM.Collect$$libshutdown$$00000011)
    .ARM.Collect$$libshutdown$$00000012      0x080001ca   Section        2  libshutdown2.o(.ARM.Collect$$libshutdown$$00000012)
    .ARM.Collect$$rtentry$$00000000          0x080001cc   Section        0  __rtentry.o(.ARM.Collect$$rtentry$$00000000)
    .ARM.Collect$$rtentry$$00000002          0x080001cc   Section        0  __rtentry2.o(.ARM.Collect$$rtentry$$00000002)
    .ARM.Collect$$rtentry$$00000004          0x080001cc   Section        6  __rtentry4.o(.ARM.Collect$$rtentry$$00000004)
    .ARM.Collect$$rtentry$$00000009          0x080001d2   Section        0  __rtentry2.o(.ARM.Collect$$rtentry$$00000009)
    .ARM.Collect$$rtentry$$0000000A          0x080001d2   Section        4  __rtentry2.o(.ARM.Collect$$rtentry$$0000000A)
    .ARM.Collect$$rtentry$$0000000C          0x080001d6   Section        0  __rtentry2.o(.ARM.Collect$$rtentry$$0000000C)
    .ARM.Collect$$rtentry$$0000000D          0x080001d6   Section        8  __rtentry2.o(.ARM.Collect$$rtentry$$0000000D)
    .ARM.Collect$$rtexit$$00000000           0x080001de   Section        2  rtexit.o(.ARM.Collect$$rtexit$$00000000)
    .ARM.Collect$$rtexit$$00000002           0x080001e0   Section        0  rtexit2.o(.ARM.Collect$$rtexit$$00000002)
    .ARM.Collect$$rtexit$$00000003           0x080001e0   Section        4  rtexit2.o(.ARM.Collect$$rtexit$$00000003)
    .ARM.Collect$$rtexit$$00000004           0x080001e4   Section        6  rtexit2.o(.ARM.Collect$$rtexit$$00000004)
    .text                                    0x080001ec   Section       64  startup_stm32f10x_hd.o(.text)
    .text                                    0x0800022c   Section        2  use_no_semi_2.o(.text)
    .text                                    0x08000230   Section        0  noretval__2printf.o(.text)
    .text                                    0x08000248   Section        0  _printf_pad.o(.text)
    .text                                    0x08000298   Section        0  _printf_hex_int.o(.text)
    .text                                    0x080002f0   Section        0  __printf_wp.o(.text)
    .text                                    0x080003fe   Section        0  heapauxi.o(.text)
    .text                                    0x08000404   Section        2  use_no_semi.o(.text)
    .text                                    0x08000406   Section        0  _printf_intcommon.o(.text)
    .text                                    0x080004b8   Section        0  _printf_fp_dec.o(.text)
    _fp_digits                               0x080004bb   Thumb Code   432  _printf_fp_dec.o(.text)
    .text                                    0x080008d8   Section        0  _printf_char_file.o(.text)
    .text                                    0x080008fc   Section        8  rt_locale_intlibspace.o(.text)
    .text                                    0x08000904   Section      138  lludiv10.o(.text)
    .text                                    0x08000990   Section        0  _printf_char_common.o(.text)
    _printf_input_char                       0x08000991   Thumb Code    10  _printf_char_common.o(.text)
    .text                                    0x080009c0   Section        0  _printf_fp_infnan.o(.text)
    .text                                    0x08000a40   Section        0  bigflt0.o(.text)
    .text                                    0x08000b24   Section        0  ferror.o(.text)
    .text                                    0x08000b2c   Section        8  libspace.o(.text)
    .text                                    0x08000b34   Section       74  sys_stackheap_outer.o(.text)
    .text                                    0x08000b7e   Section        0  exit.o(.text)
    .text                                    0x08000b90   Section      128  strcmpv7m.o(.text)
    CL$$btod_d2e                             0x08000c10   Section       62  btod.o(CL$$btod_d2e)
    CL$$btod_d2e_denorm_low                  0x08000c4e   Section       70  btod.o(CL$$btod_d2e_denorm_low)
    CL$$btod_d2e_norm_op1                    0x08000c94   Section       96  btod.o(CL$$btod_d2e_norm_op1)
    CL$$btod_div_common                      0x08000cf4   Section      824  btod.o(CL$$btod_div_common)
    CL$$btod_e2e                             0x0800102c   Section      220  btod.o(CL$$btod_e2e)
    CL$$btod_ediv                            0x08001108   Section       42  btod.o(CL$$btod_ediv)
    CL$$btod_emul                            0x08001132   Section       42  btod.o(CL$$btod_emul)
    CL$$btod_mult_common                     0x0800115c   Section      580  btod.o(CL$$btod_mult_common)
    i.BusFault_Handler                       0x080013a0   Section        0  stm32f10x_it.o(i.BusFault_Handler)
    i.CS1237_GPIO_Init                       0x080013a4   Section        0  cs1237.o(i.CS1237_GPIO_Init)
    i.CS1237_SDA_SetInput                    0x080013d8   Section        0  cs1237.o(i.CS1237_SDA_SetInput)
    i.CS1237_SDA_SetOutput                   0x080013fc   Section        0  cs1237.o(i.CS1237_SDA_SetOutput)
    i.Con_CS1237                             0x08001420   Section        0  cs1237.o(i.Con_CS1237)
    i.DebugMon_Handler                       0x08001618   Section        0  stm32f10x_it.o(i.DebugMon_Handler)
    i.GPIO_Init                              0x0800161a   Section        0  stm32f10x_gpio.o(i.GPIO_Init)
    i.GPIO_ReadInputDataBit                  0x08001730   Section        0  stm32f10x_gpio.o(i.GPIO_ReadInputDataBit)
    i.GPIO_ResetBits                         0x08001742   Section        0  stm32f10x_gpio.o(i.GPIO_ResetBits)
    i.GPIO_SetBits                           0x08001746   Section        0  stm32f10x_gpio.o(i.GPIO_SetBits)
    i.HardFault_Handler                      0x0800174a   Section        0  stm32f10x_it.o(i.HardFault_Handler)
    i.I2CStart                               0x08001750   Section        0  tm1637.o(i.I2CStart)
    i.I2CStop                                0x08001780   Section        0  tm1637.o(i.I2CStop)
    i.I2CWrByte                              0x080017c8   Section        0  tm1637.o(i.I2CWrByte)
    i.I2C_Start                              0x08001820   Section        0  oled.o(i.I2C_Start)
    i.I2C_Stop                               0x0800185c   Section        0  oled.o(i.I2C_Stop)
    i.I2C_WaitAck                            0x08001888   Section        0  oled.o(i.I2C_WaitAck)
    i.I2Cask                                 0x080018bc   Section        0  tm1637.o(i.I2Cask)
    i.IIC_delay                              0x08001908   Section        0  oled.o(i.IIC_delay)
    i.LED_Init                               0x08001918   Section        0  led.o(i.LED_Init)
    i.MemManage_Handler                      0x08001970   Section        0  stm32f10x_it.o(i.MemManage_Handler)
    i.NMI_Handler                            0x08001974   Section        0  stm32f10x_it.o(i.NMI_Handler)
    i.NVIC_Init                              0x08001978   Section        0  misc.o(i.NVIC_Init)
    i.OLED_Clear                             0x080019e8   Section        0  oled.o(i.OLED_Clear)
    i.OLED_ColorTurn                         0x08001a18   Section        0  oled.o(i.OLED_ColorTurn)
    i.OLED_DisplayTurn                       0x08001a34   Section        0  oled.o(i.OLED_DisplayTurn)
    i.OLED_DrawPoint                         0x08001a60   Section        0  oled.o(i.OLED_DrawPoint)
    i.OLED_Init                              0x08001ad8   Section        0  oled.o(i.OLED_Init)
    i.OLED_Pow                               0x08001c40   Section        0  oled.o(i.OLED_Pow)
    i.OLED_Refresh                           0x08001c58   Section        0  oled.o(i.OLED_Refresh)
    i.OLED_ShowChar                          0x08001cc0   Section        0  oled.o(i.OLED_ShowChar)
    i.OLED_ShowChinese                       0x08001dfc   Section        0  oled.o(i.OLED_ShowChinese)
    i.OLED_ShowDianya                        0x08001f00   Section        0  oled.o(i.OLED_ShowDianya)
    i.OLED_ShowNum                           0x08001f8c   Section        0  oled.o(i.OLED_ShowNum)
    i.OLED_ShowString                        0x08002018   Section        0  oled.o(i.OLED_ShowString)
    i.OLED_WR_Byte                           0x08002062   Section        0  oled.o(i.OLED_WR_Byte)
    i.PendSV_Handler                         0x0800209a   Section        0  stm32f10x_it.o(i.PendSV_Handler)
    i.RCC_APB2PeriphClockCmd                 0x0800209c   Section        0  stm32f10x_rcc.o(i.RCC_APB2PeriphClockCmd)
    i.RCC_GetClocksFreq                      0x080020bc   Section        0  stm32f10x_rcc.o(i.RCC_GetClocksFreq)
    i.Read_CS1237                            0x08002190   Section        0  cs1237.o(i.Read_CS1237)
    i.SVC_Handler                            0x08002284   Section        0  stm32f10x_it.o(i.SVC_Handler)
    i.Send_Byte                              0x08002288   Section        0  oled.o(i.Send_Byte)
    i.SetSysClock                            0x080022dc   Section        0  system_stm32f10x.o(i.SetSysClock)
    SetSysClock                              0x080022dd   Thumb Code     8  system_stm32f10x.o(i.SetSysClock)
    i.SetSysClockTo72                        0x080022e4   Section        0  system_stm32f10x.o(i.SetSysClockTo72)
    SetSysClockTo72                          0x080022e5   Thumb Code   214  system_stm32f10x.o(i.SetSysClockTo72)
    i.SysTick_CLKSourceConfig                0x080023c4   Section        0  misc.o(i.SysTick_CLKSourceConfig)
    i.SysTick_Handler                        0x080023ec   Section        0  stm32f10x_it.o(i.SysTick_Handler)
    i.SystemInit                             0x080023f0   Section        0  system_stm32f10x.o(i.SystemInit)
    i.TM1637_DIO_SetInput                    0x08002450   Section        0  tm1637.o(i.TM1637_DIO_SetInput)
    i.TM1637_DIO_SetOutput                   0x08002474   Section        0  tm1637.o(i.TM1637_DIO_SetOutput)
    i.TM1637_SHOW                            0x08002498   Section        0  tm1637.o(i.TM1637_SHOW)
    i.USART1_IRQHandler                      0x080025a8   Section        0  usart.o(i.USART1_IRQHandler)
    i.USART_Cmd                              0x08002630   Section        0  stm32f10x_usart.o(i.USART_Cmd)
    i.USART_GetITStatus                      0x08002648   Section        0  stm32f10x_usart.o(i.USART_GetITStatus)
    i.USART_ITConfig                         0x0800269c   Section        0  stm32f10x_usart.o(i.USART_ITConfig)
    i.USART_Init                             0x080026e8   Section        0  stm32f10x_usart.o(i.USART_Init)
    i.USART_ReceiveData                      0x080027c0   Section        0  stm32f10x_usart.o(i.USART_ReceiveData)
    i.UsageFault_Handler                     0x080027ca   Section        0  stm32f10x_it.o(i.UsageFault_Handler)
    i.__ARM_fpclassify                       0x080027ce   Section        0  fpclassify.o(i.__ARM_fpclassify)
    i._is_digit                              0x080027f6   Section        0  __printf_wp.o(i._is_digit)
    i._sys_exit                              0x08002804   Section        0  usart.o(i._sys_exit)
    i.delay_500us                            0x0800280a   Section        0  cs1237.o(i.delay_500us)
    i.delay_init                             0x08002834   Section        0  delay.o(i.delay_init)
    i.delay_ms                               0x08002878   Section        0  delay.o(i.delay_ms)
    i.delay_us                               0x080028c4   Section        0  delay.o(i.delay_us)
    i.fputc                                  0x08002910   Section        0  usart.o(i.fputc)
    i.main                                   0x0800292c   Section        0  main.o(i.main)
    i.uart_init                              0x08002af4   Section        0  usart.o(i.uart_init)
    locale$$code                             0x08002b94   Section       44  lc_numeric_c.o(locale$$code)
    x$fpl$d2f                                0x08002bc0   Section       98  d2f.o(x$fpl$d2f)
    x$fpl$ddiv                               0x08002c24   Section      688  ddiv.o(x$fpl$ddiv)
    ddiv_entry                               0x08002c2b   Thumb Code     0  ddiv.o(x$fpl$ddiv)
    x$fpl$dfltu                              0x08002ed4   Section       38  dflt_clz.o(x$fpl$dfltu)
    x$fpl$dmul                               0x08002efc   Section      340  dmul.o(x$fpl$dmul)
    x$fpl$dnaninf                            0x08003050   Section      156  dnaninf.o(x$fpl$dnaninf)
    x$fpl$dretinf                            0x080030ec   Section       12  dretinf.o(x$fpl$dretinf)
    x$fpl$f2d                                0x080030f8   Section       86  f2d.o(x$fpl$f2d)
    x$fpl$ffixu                              0x08003150   Section       62  ffixu.o(x$fpl$ffixu)
    x$fpl$fmul                               0x08003190   Section      258  fmul.o(x$fpl$fmul)
    x$fpl$fnaninf                            0x08003292   Section      140  fnaninf.o(x$fpl$fnaninf)
    x$fpl$fretinf                            0x0800331e   Section       10  fretinf.o(x$fpl$fretinf)
    x$fpl$printf1                            0x08003328   Section        4  printf1.o(x$fpl$printf1)
    .constdata                               0x0800332c   Section     8144  oled.o(.constdata)
    x$fpl$usenofp                            0x0800332c   Section        0  usenofp.o(x$fpl$usenofp)
    .constdata                               0x080052fc   Section       40  _printf_hex_int.o(.constdata)
    uc_hextab                                0x080052fc   Data          20  _printf_hex_int.o(.constdata)
    lc_hextab                                0x08005310   Data          20  _printf_hex_int.o(.constdata)
    .constdata                               0x08005324   Section      148  bigflt0.o(.constdata)
    tenpwrs_x                                0x08005324   Data          60  bigflt0.o(.constdata)
    tenpwrs_i                                0x08005360   Data          64  bigflt0.o(.constdata)
    locale$$data                             0x080053d8   Section       28  lc_numeric_c.o(locale$$data)
    __lcnum_c_name                           0x080053dc   Data           2  lc_numeric_c.o(locale$$data)
    __lcnum_c_start                          0x080053e4   Data           0  lc_numeric_c.o(locale$$data)
    __lcnum_c_point                          0x080053f0   Data           0  lc_numeric_c.o(locale$$data)
    __lcnum_c_thousands                      0x080053f2   Data           0  lc_numeric_c.o(locale$$data)
    __lcnum_c_grouping                       0x080053f3   Data           0  lc_numeric_c.o(locale$$data)
    __lcnum_c_end                            0x080053f4   Data           0  lc_numeric_c.o(locale$$data)
    .data                                    0x20000000   Section       20  system_stm32f10x.o(.data)
    .data                                    0x20000014   Section       20  tm1637.o(.data)
    .data                                    0x20000028   Section        1  cs1237.o(.data)
    .data                                    0x2000002a   Section        4  delay.o(.data)
    fac_us                                   0x2000002a   Data           1  delay.o(.data)
    fac_ms                                   0x2000002c   Data           2  delay.o(.data)
    .data                                    0x20000030   Section        6  usart.o(.data)
    .data                                    0x20000036   Section       20  stm32f10x_rcc.o(.data)
    APBAHBPrescTable                         0x20000036   Data          16  stm32f10x_rcc.o(.data)
    ADCPrescTable                            0x20000046   Data           4  stm32f10x_rcc.o(.data)
    .bss                                     0x2000004c   Section     1152  oled.o(.bss)
    .bss                                     0x200004cc   Section      200  usart.o(.bss)
    .bss                                     0x20000594   Section       96  libspace.o(.bss)
    HEAP                                     0x200005f8   Section      512  startup_stm32f10x_hd.o(HEAP)
    Heap_Mem                                 0x200005f8   Data         512  startup_stm32f10x_hd.o(HEAP)
    STACK                                    0x200007f8   Section     1024  startup_stm32f10x_hd.o(STACK)
    Stack_Mem                                0x200007f8   Data        1024  startup_stm32f10x_hd.o(STACK)
    __initial_sp                             0x20000bf8   Data           0  startup_stm32f10x_hd.o(STACK)

    Global Symbols

    Symbol Name                              Value     Ov Type        Size  Object(Section)

    BuildAttributes$$THM_ISAv4$P$D$K$B$S$PE$A:L22UL41UL21$X:L11$S22US41US21$IEEE1$IW$USESV6$~STKCKD$USESV7$~SHL$OTIME$ROPI$IEEEJ$EBA8$UX$STANDARDLIB$REQ8$PRES8$EABIv2 0x00000000   Number         0  anon$$obj.o ABSOLUTE
    __ARM_use_no_argv                        0x00000000   Number         0  main.o ABSOLUTE
    _printf_flags                            0x00000000   Number         0  printf_stubs.o ABSOLUTE
    _printf_return_value                     0x00000000   Number         0  printf_stubs.o ABSOLUTE
    _printf_sizespec                         0x00000000   Number         0  printf_stubs.o ABSOLUTE
    _printf_widthprec                        0x00000000   Number         0  printf_stubs.o ABSOLUTE
    __ARM_exceptions_init                     - Undefined Weak Reference
    __alloca_initialize                       - Undefined Weak Reference
    __arm_fini_                               - Undefined Weak Reference
    __arm_preinit_                            - Undefined Weak Reference
    __cpp_initialize__aeabi_                  - Undefined Weak Reference
    __cxa_finalize                            - Undefined Weak Reference
    __sigvec_lookup                           - Undefined Weak Reference
    _atexit_init                              - Undefined Weak Reference
    _call_atexit_fns                          - Undefined Weak Reference
    _clock_init                               - Undefined Weak Reference
    _fp_trap_init                             - Undefined Weak Reference
    _fp_trap_shutdown                         - Undefined Weak Reference
    _get_lc_collate                           - Undefined Weak Reference
    _get_lc_ctype                             - Undefined Weak Reference
    _get_lc_monetary                          - Undefined Weak Reference
    _get_lc_time                              - Undefined Weak Reference
    _getenv_init                              - Undefined Weak Reference
    _handle_redirection                       - Undefined Weak Reference
    _init_alloc                               - Undefined Weak Reference
    _init_user_alloc                          - Undefined Weak Reference
    _initio                                   - Undefined Weak Reference
    _mutex_acquire                            - Undefined Weak Reference
    _mutex_release                            - Undefined Weak Reference
    _printf_truncate_unsigned                 - Undefined Weak Reference
    _rand_init                                - Undefined Weak Reference
    _signal_finish                            - Undefined Weak Reference
    _signal_init                              - Undefined Weak Reference
    _terminate_alloc                          - Undefined Weak Reference
    _terminate_user_alloc                     - Undefined Weak Reference
    _terminateio                              - Undefined Weak Reference
    __Vectors_Size                           0x00000130   Number         0  startup_stm32f10x_hd.o ABSOLUTE
    __Vectors                                0x08000000   Data           4  startup_stm32f10x_hd.o(RESET)
    __Vectors_End                            0x08000130   Data           0  startup_stm32f10x_hd.o(RESET)
    __main                                   0x08000131   Thumb Code     8  __main.o(!!!main)
    __scatterload                            0x08000139   Thumb Code     0  __scatter.o(!!!scatter)
    __scatterload_rt2                        0x08000139   Thumb Code    44  __scatter.o(!!!scatter)
    __scatterload_rt2_thumb_only             0x08000139   Thumb Code     0  __scatter.o(!!!scatter)
    __scatterload_null                       0x08000147   Thumb Code     0  __scatter.o(!!!scatter)
    __scatterload_copy                       0x0800016d   Thumb Code    26  __scatter_copy.o(!!handler_copy)
    __scatterload_zeroinit                   0x08000189   Thumb Code    28  __scatter_zi.o(!!handler_zi)
    _printf_f                                0x080001a5   Thumb Code     0  _printf_f.o(.ARM.Collect$$_printf_percent$$00000003)
    _printf_percent                          0x080001a5   Thumb Code     0  _printf_percent.o(.ARM.Collect$$_printf_percent$$00000000)
    _printf_x                                0x080001ab   Thumb Code     0  _printf_x.o(.ARM.Collect$$_printf_percent$$0000000C)
    _printf_percent_end                      0x080001b1   Thumb Code     0  _printf_percent_end.o(.ARM.Collect$$_printf_percent$$00000017)
    __rt_lib_init                            0x080001b5   Thumb Code     0  libinit.o(.ARM.Collect$$libinit$$00000000)
    __rt_lib_init_fp_1                       0x080001b7   Thumb Code     0  libinit2.o(.ARM.Collect$$libinit$$00000002)
    __rt_lib_init_heap_1                     0x080001b7   Thumb Code     0  libinit2.o(.ARM.Collect$$libinit$$0000000A)
    __rt_lib_init_lc_common                  0x080001b7   Thumb Code     0  libinit2.o(.ARM.Collect$$libinit$$0000000F)
    __rt_lib_init_preinit_1                  0x080001b7   Thumb Code     0  libinit2.o(.ARM.Collect$$libinit$$00000004)
    __rt_lib_init_rand_1                     0x080001b7   Thumb Code     0  libinit2.o(.ARM.Collect$$libinit$$0000000E)
    __rt_lib_init_user_alloc_1               0x080001b7   Thumb Code     0  libinit2.o(.ARM.Collect$$libinit$$0000000C)
    __rt_lib_init_lc_collate_1               0x080001bd   Thumb Code     0  libinit2.o(.ARM.Collect$$libinit$$00000011)
    __rt_lib_init_lc_ctype_1                 0x080001bd   Thumb Code     0  libinit2.o(.ARM.Collect$$libinit$$00000013)
    __rt_lib_init_lc_monetary_1              0x080001bd   Thumb Code     0  libinit2.o(.ARM.Collect$$libinit$$00000015)
    __rt_lib_init_lc_numeric_2               0x080001bd   Thumb Code     0  libinit2.o(.ARM.Collect$$libinit$$00000016)
    __rt_lib_init_alloca_1                   0x080001c7   Thumb Code     0  libinit2.o(.ARM.Collect$$libinit$$0000002E)
    __rt_lib_init_argv_1                     0x080001c7   Thumb Code     0  libinit2.o(.ARM.Collect$$libinit$$0000002C)
    __rt_lib_init_atexit_1                   0x080001c7   Thumb Code     0  libinit2.o(.ARM.Collect$$libinit$$0000001B)
    __rt_lib_init_clock_1                    0x080001c7   Thumb Code     0  libinit2.o(.ARM.Collect$$libinit$$00000021)
    __rt_lib_init_cpp_1                      0x080001c7   Thumb Code     0  libinit2.o(.ARM.Collect$$libinit$$00000032)
    __rt_lib_init_exceptions_1               0x080001c7   Thumb Code     0  libinit2.o(.ARM.Collect$$libinit$$00000030)
    __rt_lib_init_fp_trap_1                  0x080001c7   Thumb Code     0  libinit2.o(.ARM.Collect$$libinit$$0000001F)
    __rt_lib_init_getenv_1                   0x080001c7   Thumb Code     0  libinit2.o(.ARM.Collect$$libinit$$00000023)
    __rt_lib_init_lc_numeric_1               0x080001c7   Thumb Code     0  libinit2.o(.ARM.Collect$$libinit$$00000017)
    __rt_lib_init_lc_time_1                  0x080001c7   Thumb Code     0  libinit2.o(.ARM.Collect$$libinit$$00000019)
    __rt_lib_init_return                     0x080001c7   Thumb Code     0  libinit2.o(.ARM.Collect$$libinit$$00000033)
    __rt_lib_init_signal_1                   0x080001c7   Thumb Code     0  libinit2.o(.ARM.Collect$$libinit$$0000001D)
    __rt_lib_init_stdio_1                    0x080001c7   Thumb Code     0  libinit2.o(.ARM.Collect$$libinit$$00000025)
    __rt_lib_shutdown                        0x080001c9   Thumb Code     0  libshutdown.o(.ARM.Collect$$libshutdown$$00000000)
    __rt_lib_shutdown_cpp_1                  0x080001cb   Thumb Code     0  libshutdown2.o(.ARM.Collect$$libshutdown$$00000004)
    __rt_lib_shutdown_fini_1                 0x080001cb   Thumb Code     0  libshutdown2.o(.ARM.Collect$$libshutdown$$00000002)
    __rt_lib_shutdown_fp_trap_1              0x080001cb   Thumb Code     0  libshutdown2.o(.ARM.Collect$$libshutdown$$00000009)
    __rt_lib_shutdown_heap_1                 0x080001cb   Thumb Code     0  libshutdown2.o(.ARM.Collect$$libshutdown$$00000011)
    __rt_lib_shutdown_return                 0x080001cb   Thumb Code     0  libshutdown2.o(.ARM.Collect$$libshutdown$$00000012)
    __rt_lib_shutdown_signal_1               0x080001cb   Thumb Code     0  libshutdown2.o(.ARM.Collect$$libshutdown$$0000000C)
    __rt_lib_shutdown_stdio_1                0x080001cb   Thumb Code     0  libshutdown2.o(.ARM.Collect$$libshutdown$$00000006)
    __rt_lib_shutdown_user_alloc_1           0x080001cb   Thumb Code     0  libshutdown2.o(.ARM.Collect$$libshutdown$$0000000E)
    __rt_entry                               0x080001cd   Thumb Code     0  __rtentry.o(.ARM.Collect$$rtentry$$00000000)
    __rt_entry_presh_1                       0x080001cd   Thumb Code     0  __rtentry2.o(.ARM.Collect$$rtentry$$00000002)
    __rt_entry_sh                            0x080001cd   Thumb Code     0  __rtentry4.o(.ARM.Collect$$rtentry$$00000004)
    __rt_entry_li                            0x080001d3   Thumb Code     0  __rtentry2.o(.ARM.Collect$$rtentry$$0000000A)
    __rt_entry_postsh_1                      0x080001d3   Thumb Code     0  __rtentry2.o(.ARM.Collect$$rtentry$$00000009)
    __rt_entry_main                          0x080001d7   Thumb Code     0  __rtentry2.o(.ARM.Collect$$rtentry$$0000000D)
    __rt_entry_postli_1                      0x080001d7   Thumb Code     0  __rtentry2.o(.ARM.Collect$$rtentry$$0000000C)
    __rt_exit                                0x080001df   Thumb Code     0  rtexit.o(.ARM.Collect$$rtexit$$00000000)
    __rt_exit_ls                             0x080001e1   Thumb Code     0  rtexit2.o(.ARM.Collect$$rtexit$$00000003)
    __rt_exit_prels_1                        0x080001e1   Thumb Code     0  rtexit2.o(.ARM.Collect$$rtexit$$00000002)
    __rt_exit_exit                           0x080001e5   Thumb Code     0  rtexit2.o(.ARM.Collect$$rtexit$$00000004)
    Reset_Handler                            0x080001ed   Thumb Code     8  startup_stm32f10x_hd.o(.text)
    ADC1_2_IRQHandler                        0x08000207   Thumb Code     0  startup_stm32f10x_hd.o(.text)
    ADC3_IRQHandler                          0x08000207   Thumb Code     0  startup_stm32f10x_hd.o(.text)
    CAN1_RX1_IRQHandler                      0x08000207   Thumb Code     0  startup_stm32f10x_hd.o(.text)
    CAN1_SCE_IRQHandler                      0x08000207   Thumb Code     0  startup_stm32f10x_hd.o(.text)
    DMA1_Channel1_IRQHandler                 0x08000207   Thumb Code     0  startup_stm32f10x_hd.o(.text)
    DMA1_Channel2_IRQHandler                 0x08000207   Thumb Code     0  startup_stm32f10x_hd.o(.text)
    DMA1_Channel3_IRQHandler                 0x08000207   Thumb Code     0  startup_stm32f10x_hd.o(.text)
    DMA1_Channel4_IRQHandler                 0x08000207   Thumb Code     0  startup_stm32f10x_hd.o(.text)
    DMA1_Channel5_IRQHandler                 0x08000207   Thumb Code     0  startup_stm32f10x_hd.o(.text)
    DMA1_Channel6_IRQHandler                 0x08000207   Thumb Code     0  startup_stm32f10x_hd.o(.text)
    DMA1_Channel7_IRQHandler                 0x08000207   Thumb Code     0  startup_stm32f10x_hd.o(.text)
    DMA2_Channel1_IRQHandler                 0x08000207   Thumb Code     0  startup_stm32f10x_hd.o(.text)
    DMA2_Channel2_IRQHandler                 0x08000207   Thumb Code     0  startup_stm32f10x_hd.o(.text)
    DMA2_Channel3_IRQHandler                 0x08000207   Thumb Code     0  startup_stm32f10x_hd.o(.text)
    DMA2_Channel4_5_IRQHandler               0x08000207   Thumb Code     0  startup_stm32f10x_hd.o(.text)
    EXTI0_IRQHandler                         0x08000207   Thumb Code     0  startup_stm32f10x_hd.o(.text)
    EXTI15_10_IRQHandler                     0x08000207   Thumb Code     0  startup_stm32f10x_hd.o(.text)
    EXTI1_IRQHandler                         0x08000207   Thumb Code     0  startup_stm32f10x_hd.o(.text)
    EXTI2_IRQHandler                         0x08000207   Thumb Code     0  startup_stm32f10x_hd.o(.text)
    EXTI3_IRQHandler                         0x08000207   Thumb Code     0  startup_stm32f10x_hd.o(.text)
    EXTI4_IRQHandler                         0x08000207   Thumb Code     0  startup_stm32f10x_hd.o(.text)
    EXTI9_5_IRQHandler                       0x08000207   Thumb Code     0  startup_stm32f10x_hd.o(.text)
    FLASH_IRQHandler                         0x08000207   Thumb Code     0  startup_stm32f10x_hd.o(.text)
    FSMC_IRQHandler                          0x08000207   Thumb Code     0  startup_stm32f10x_hd.o(.text)
    I2C1_ER_IRQHandler                       0x08000207   Thumb Code     0  startup_stm32f10x_hd.o(.text)
    I2C1_EV_IRQHandler                       0x08000207   Thumb Code     0  startup_stm32f10x_hd.o(.text)
    I2C2_ER_IRQHandler                       0x08000207   Thumb Code     0  startup_stm32f10x_hd.o(.text)
    I2C2_EV_IRQHandler                       0x08000207   Thumb Code     0  startup_stm32f10x_hd.o(.text)
    PVD_IRQHandler                           0x08000207   Thumb Code     0  startup_stm32f10x_hd.o(.text)
    RCC_IRQHandler                           0x08000207   Thumb Code     0  startup_stm32f10x_hd.o(.text)
    RTCAlarm_IRQHandler                      0x08000207   Thumb Code     0  startup_stm32f10x_hd.o(.text)
    RTC_IRQHandler                           0x08000207   Thumb Code     0  startup_stm32f10x_hd.o(.text)
    SDIO_IRQHandler                          0x08000207   Thumb Code     0  startup_stm32f10x_hd.o(.text)
    SPI1_IRQHandler                          0x08000207   Thumb Code     0  startup_stm32f10x_hd.o(.text)
    SPI2_IRQHandler                          0x08000207   Thumb Code     0  startup_stm32f10x_hd.o(.text)
    SPI3_IRQHandler                          0x08000207   Thumb Code     0  startup_stm32f10x_hd.o(.text)
    TAMPER_IRQHandler                        0x08000207   Thumb Code     0  startup_stm32f10x_hd.o(.text)
    TIM1_BRK_IRQHandler                      0x08000207   Thumb Code     0  startup_stm32f10x_hd.o(.text)
    TIM1_CC_IRQHandler                       0x08000207   Thumb Code     0  startup_stm32f10x_hd.o(.text)
    TIM1_TRG_COM_IRQHandler                  0x08000207   Thumb Code     0  startup_stm32f10x_hd.o(.text)
    TIM1_UP_IRQHandler                       0x08000207   Thumb Code     0  startup_stm32f10x_hd.o(.text)
    TIM2_IRQHandler                          0x08000207   Thumb Code     0  startup_stm32f10x_hd.o(.text)
    TIM3_IRQHandler                          0x08000207   Thumb Code     0  startup_stm32f10x_hd.o(.text)
    TIM4_IRQHandler                          0x08000207   Thumb Code     0  startup_stm32f10x_hd.o(.text)
    TIM5_IRQHandler                          0x08000207   Thumb Code     0  startup_stm32f10x_hd.o(.text)
    TIM6_IRQHandler                          0x08000207   Thumb Code     0  startup_stm32f10x_hd.o(.text)
    TIM7_IRQHandler                          0x08000207   Thumb Code     0  startup_stm32f10x_hd.o(.text)
    TIM8_BRK_IRQHandler                      0x08000207   Thumb Code     0  startup_stm32f10x_hd.o(.text)
    TIM8_CC_IRQHandler                       0x08000207   Thumb Code     0  startup_stm32f10x_hd.o(.text)
    TIM8_TRG_COM_IRQHandler                  0x08000207   Thumb Code     0  startup_stm32f10x_hd.o(.text)
    TIM8_UP_IRQHandler                       0x08000207   Thumb Code     0  startup_stm32f10x_hd.o(.text)
    UART4_IRQHandler                         0x08000207   Thumb Code     0  startup_stm32f10x_hd.o(.text)
    UART5_IRQHandler                         0x08000207   Thumb Code     0  startup_stm32f10x_hd.o(.text)
    USART2_IRQHandler                        0x08000207   Thumb Code     0  startup_stm32f10x_hd.o(.text)
    USART3_IRQHandler                        0x08000207   Thumb Code     0  startup_stm32f10x_hd.o(.text)
    USBWakeUp_IRQHandler                     0x08000207   Thumb Code     0  startup_stm32f10x_hd.o(.text)
    USB_HP_CAN1_TX_IRQHandler                0x08000207   Thumb Code     0  startup_stm32f10x_hd.o(.text)
    USB_LP_CAN1_RX0_IRQHandler               0x08000207   Thumb Code     0  startup_stm32f10x_hd.o(.text)
    WWDG_IRQHandler                          0x08000207   Thumb Code     0  startup_stm32f10x_hd.o(.text)
    __user_initial_stackheap                 0x08000209   Thumb Code     0  startup_stm32f10x_hd.o(.text)
    __use_no_semihosting                     0x0800022d   Thumb Code     2  use_no_semi_2.o(.text)
    __2printf                                0x08000231   Thumb Code    20  noretval__2printf.o(.text)
    _printf_pre_padding                      0x08000249   Thumb Code    44  _printf_pad.o(.text)
    _printf_post_padding                     0x08000275   Thumb Code    34  _printf_pad.o(.text)
    _printf_int_hex                          0x08000299   Thumb Code    84  _printf_hex_int.o(.text)
    _printf_longlong_hex                     0x08000299   Thumb Code     0  _printf_hex_int.o(.text)
    __printf                                 0x080002f1   Thumb Code   270  __printf_wp.o(.text)
    __use_two_region_memory                  0x080003ff   Thumb Code     2  heapauxi.o(.text)
    __rt_heap_escrow$2region                 0x08000401   Thumb Code     2  heapauxi.o(.text)
    __rt_heap_expand$2region                 0x08000403   Thumb Code     2  heapauxi.o(.text)
    __I$use$semihosting                      0x08000405   Thumb Code     0  use_no_semi.o(.text)
    __use_no_semihosting_swi                 0x08000405   Thumb Code     2  use_no_semi.o(.text)
    _printf_int_common                       0x08000407   Thumb Code   178  _printf_intcommon.o(.text)
    __lib_sel_fp_printf                      0x080004b9   Thumb Code     2  _printf_fp_dec.o(.text)
    _printf_fp_dec_real                      0x0800066b   Thumb Code   620  _printf_fp_dec.o(.text)
    _printf_char_file                        0x080008d9   Thumb Code    32  _printf_char_file.o(.text)
    __rt_locale                              0x080008fd   Thumb Code     8  rt_locale_intlibspace.o(.text)
    _ll_udiv10                               0x08000905   Thumb Code   138  lludiv10.o(.text)
    _printf_char_common                      0x0800099b   Thumb Code    32  _printf_char_common.o(.text)
    _printf_fp_infnan                        0x080009c1   Thumb Code   112  _printf_fp_infnan.o(.text)
    _btod_etento                             0x08000a41   Thumb Code   224  bigflt0.o(.text)
    ferror                                   0x08000b25   Thumb Code     8  ferror.o(.text)
    __user_libspace                          0x08000b2d   Thumb Code     8  libspace.o(.text)
    __user_perproc_libspace                  0x08000b2d   Thumb Code     0  libspace.o(.text)
    __user_perthread_libspace                0x08000b2d   Thumb Code     0  libspace.o(.text)
    __user_setup_stackheap                   0x08000b35   Thumb Code    74  sys_stackheap_outer.o(.text)
    exit                                     0x08000b7f   Thumb Code    18  exit.o(.text)
    strcmp                                   0x08000b91   Thumb Code   128  strcmpv7m.o(.text)
    _btod_d2e                                0x08000c11   Thumb Code    62  btod.o(CL$$btod_d2e)
    _d2e_denorm_low                          0x08000c4f   Thumb Code    70  btod.o(CL$$btod_d2e_denorm_low)
    _d2e_norm_op1                            0x08000c95   Thumb Code    96  btod.o(CL$$btod_d2e_norm_op1)
    __btod_div_common                        0x08000cf5   Thumb Code   696  btod.o(CL$$btod_div_common)
    _e2e                                     0x0800102d   Thumb Code   220  btod.o(CL$$btod_e2e)
    _btod_ediv                               0x08001109   Thumb Code    42  btod.o(CL$$btod_ediv)
    _btod_emul                               0x08001133   Thumb Code    42  btod.o(CL$$btod_emul)
    __btod_mult_common                       0x0800115d   Thumb Code   580  btod.o(CL$$btod_mult_common)
    BusFault_Handler                         0x080013a1   Thumb Code     4  stm32f10x_it.o(i.BusFault_Handler)
    CS1237_GPIO_Init                         0x080013a5   Thumb Code    46  cs1237.o(i.CS1237_GPIO_Init)
    CS1237_SDA_SetInput                      0x080013d9   Thumb Code    30  cs1237.o(i.CS1237_SDA_SetInput)
    CS1237_SDA_SetOutput                     0x080013fd   Thumb Code    30  cs1237.o(i.CS1237_SDA_SetOutput)
    Con_CS1237                               0x08001421   Thumb Code   498  cs1237.o(i.Con_CS1237)
    DebugMon_Handler                         0x08001619   Thumb Code     2  stm32f10x_it.o(i.DebugMon_Handler)
    GPIO_Init                                0x0800161b   Thumb Code   278  stm32f10x_gpio.o(i.GPIO_Init)
    GPIO_ReadInputDataBit                    0x08001731   Thumb Code    18  stm32f10x_gpio.o(i.GPIO_ReadInputDataBit)
    GPIO_ResetBits                           0x08001743   Thumb Code     4  stm32f10x_gpio.o(i.GPIO_ResetBits)
    GPIO_SetBits                             0x08001747   Thumb Code     4  stm32f10x_gpio.o(i.GPIO_SetBits)
    HardFault_Handler                        0x0800174b   Thumb Code     4  stm32f10x_it.o(i.HardFault_Handler)
    I2CStart                                 0x08001751   Thumb Code    44  tm1637.o(i.I2CStart)
    I2CStop                                  0x08001781   Thumb Code    66  tm1637.o(i.I2CStop)
    I2CWrByte                                0x080017c9   Thumb Code    84  tm1637.o(i.I2CWrByte)
    I2C_Start                                0x08001821   Thumb Code    56  oled.o(i.I2C_Start)
    I2C_Stop                                 0x0800185d   Thumb Code    38  oled.o(i.I2C_Stop)
    I2C_WaitAck                              0x08001889   Thumb Code    46  oled.o(i.I2C_WaitAck)
    I2Cask                                   0x080018bd   Thumb Code    70  tm1637.o(i.I2Cask)
    IIC_delay                                0x08001909   Thumb Code    16  oled.o(i.IIC_delay)
    LED_Init                                 0x08001919   Thumb Code    78  led.o(i.LED_Init)
    MemManage_Handler                        0x08001971   Thumb Code     4  stm32f10x_it.o(i.MemManage_Handler)
    NMI_Handler                              0x08001975   Thumb Code     2  stm32f10x_it.o(i.NMI_Handler)
    NVIC_Init                                0x08001979   Thumb Code   100  misc.o(i.NVIC_Init)
    OLED_Clear                               0x080019e9   Thumb Code    42  oled.o(i.OLED_Clear)
    OLED_ColorTurn                           0x08001a19   Thumb Code    28  oled.o(i.OLED_ColorTurn)
    OLED_DisplayTurn                         0x08001a35   Thumb Code    44  oled.o(i.OLED_DisplayTurn)
    OLED_DrawPoint                           0x08001a61   Thumb Code   114  oled.o(i.OLED_DrawPoint)
    OLED_Init                                0x08001ad9   Thumb Code   350  oled.o(i.OLED_Init)
    OLED_Pow                                 0x08001c41   Thumb Code    22  oled.o(i.OLED_Pow)
    OLED_Refresh                             0x08001c59   Thumb Code   100  oled.o(i.OLED_Refresh)
    OLED_ShowChar                            0x08001cc1   Thumb Code   300  oled.o(i.OLED_ShowChar)
    OLED_ShowChinese                         0x08001dfd   Thumb Code   244  oled.o(i.OLED_ShowChinese)
    OLED_ShowDianya                          0x08001f01   Thumb Code   132  oled.o(i.OLED_ShowDianya)
    OLED_ShowNum                             0x08001f8d   Thumb Code   140  oled.o(i.OLED_ShowNum)
    OLED_ShowString                          0x08002019   Thumb Code    74  oled.o(i.OLED_ShowString)
    OLED_WR_Byte                             0x08002063   Thumb Code    56  oled.o(i.OLED_WR_Byte)
    PendSV_Handler                           0x0800209b   Thumb Code     2  stm32f10x_it.o(i.PendSV_Handler)
    RCC_APB2PeriphClockCmd                   0x0800209d   Thumb Code    26  stm32f10x_rcc.o(i.RCC_APB2PeriphClockCmd)
    RCC_GetClocksFreq                        0x080020bd   Thumb Code   192  stm32f10x_rcc.o(i.RCC_GetClocksFreq)
    Read_CS1237                              0x08002191   Thumb Code   218  cs1237.o(i.Read_CS1237)
    SVC_Handler                              0x08002285   Thumb Code     2  stm32f10x_it.o(i.SVC_Handler)
    Send_Byte                                0x08002289   Thumb Code    78  oled.o(i.Send_Byte)
    SysTick_CLKSourceConfig                  0x080023c5   Thumb Code    40  misc.o(i.SysTick_CLKSourceConfig)
    SysTick_Handler                          0x080023ed   Thumb Code     2  stm32f10x_it.o(i.SysTick_Handler)
    SystemInit                               0x080023f1   Thumb Code    78  system_stm32f10x.o(i.SystemInit)
    TM1637_DIO_SetInput                      0x08002451   Thumb Code    32  tm1637.o(i.TM1637_DIO_SetInput)
    TM1637_DIO_SetOutput                     0x08002475   Thumb Code    32  tm1637.o(i.TM1637_DIO_SetOutput)
    TM1637_SHOW                              0x08002499   Thumb Code   256  tm1637.o(i.TM1637_SHOW)
    USART1_IRQHandler                        0x080025a9   Thumb Code   122  usart.o(i.USART1_IRQHandler)
    USART_Cmd                                0x08002631   Thumb Code    24  stm32f10x_usart.o(i.USART_Cmd)
    USART_GetITStatus                        0x08002649   Thumb Code    84  stm32f10x_usart.o(i.USART_GetITStatus)
    USART_ITConfig                           0x0800269d   Thumb Code    74  stm32f10x_usart.o(i.USART_ITConfig)
    USART_Init                               0x080026e9   Thumb Code   210  stm32f10x_usart.o(i.USART_Init)
    USART_ReceiveData                        0x080027c1   Thumb Code    10  stm32f10x_usart.o(i.USART_ReceiveData)
    UsageFault_Handler                       0x080027cb   Thumb Code     4  stm32f10x_it.o(i.UsageFault_Handler)
    __ARM_fpclassify                         0x080027cf   Thumb Code    40  fpclassify.o(i.__ARM_fpclassify)
    _is_digit                                0x080027f7   Thumb Code    14  __printf_wp.o(i._is_digit)
    _sys_exit                                0x08002805   Thumb Code     6  usart.o(i._sys_exit)
    delay_500us                              0x0800280b   Thumb Code    40  cs1237.o(i.delay_500us)
    delay_init                               0x08002835   Thumb Code    50  delay.o(i.delay_init)
    delay_ms                                 0x08002879   Thumb Code    72  delay.o(i.delay_ms)
    delay_us                                 0x080028c5   Thumb Code    72  delay.o(i.delay_us)
    fputc                                    0x08002911   Thumb Code    24  usart.o(i.fputc)
    main                                     0x0800292d   Thumb Code   374  main.o(i.main)
    uart_init                                0x08002af5   Thumb Code   152  usart.o(i.uart_init)
    _get_lc_numeric                          0x08002b95   Thumb Code    44  lc_numeric_c.o(locale$$code)
    __aeabi_d2f                              0x08002bc1   Thumb Code     0  d2f.o(x$fpl$d2f)
    _d2f                                     0x08002bc1   Thumb Code    98  d2f.o(x$fpl$d2f)
    __aeabi_ddiv                             0x08002c25   Thumb Code     0  ddiv.o(x$fpl$ddiv)
    _ddiv                                    0x08002c25   Thumb Code   552  ddiv.o(x$fpl$ddiv)
    __aeabi_ui2d                             0x08002ed5   Thumb Code     0  dflt_clz.o(x$fpl$dfltu)
    _dfltu                                   0x08002ed5   Thumb Code    38  dflt_clz.o(x$fpl$dfltu)
    __aeabi_dmul                             0x08002efd   Thumb Code     0  dmul.o(x$fpl$dmul)
    _dmul                                    0x08002efd   Thumb Code   332  dmul.o(x$fpl$dmul)
    __fpl_dnaninf                            0x08003051   Thumb Code   156  dnaninf.o(x$fpl$dnaninf)
    __fpl_dretinf                            0x080030ed   Thumb Code    12  dretinf.o(x$fpl$dretinf)
    __aeabi_f2d                              0x080030f9   Thumb Code     0  f2d.o(x$fpl$f2d)
    _f2d                                     0x080030f9   Thumb Code    86  f2d.o(x$fpl$f2d)
    __aeabi_f2uiz                            0x08003151   Thumb Code     0  ffixu.o(x$fpl$ffixu)
    _ffixu                                   0x08003151   Thumb Code    62  ffixu.o(x$fpl$ffixu)
    __aeabi_fmul                             0x08003191   Thumb Code     0  fmul.o(x$fpl$fmul)
    _fmul                                    0x08003191   Thumb Code   258  fmul.o(x$fpl$fmul)
    __fpl_fnaninf                            0x08003293   Thumb Code   140  fnaninf.o(x$fpl$fnaninf)
    __fpl_fretinf                            0x0800331f   Thumb Code    10  fretinf.o(x$fpl$fretinf)
    _printf_fp_dec                           0x08003329   Thumb Code     4  printf1.o(x$fpl$printf1)
    __I$use$fp                               0x0800332c   Number         0  usenofp.o(x$fpl$usenofp)
    asc2_0806                                0x0800332c   Data         552  oled.o(.constdata)
    asc2_1206                                0x08003554   Data        1140  oled.o(.constdata)
    asc2_1608                                0x080039c8   Data        1520  oled.o(.constdata)
    asc2_2412                                0x08003fb8   Data        3420  oled.o(.constdata)
    Hzk1                                     0x08004d14   Data         288  oled.o(.constdata)
    Hzk2                                     0x08004e34   Data          72  oled.o(.constdata)
    Hzk3                                     0x08004e7c   Data         128  oled.o(.constdata)
    Hzk4                                     0x08004efc   Data         512  oled.o(.constdata)
    Hzk5                                     0x080050fc   Data         512  oled.o(.constdata)
    Region$$Table$$Base                      0x080053b8   Number         0  anon$$obj.o(Region$$Table)
    Region$$Table$$Limit                     0x080053d8   Number         0  anon$$obj.o(Region$$Table)
    SystemCoreClock                          0x20000000   Data           4  system_stm32f10x.o(.data)
    AHBPrescTable                            0x20000004   Data          16  system_stm32f10x.o(.data)
    table                                    0x20000014   Data          10  tm1637.o(.data)
    table1                                   0x2000001e   Data          10  tm1637.o(.data)
    PoolFlag                                 0x20000028   Data           1  cs1237.o(.data)
    __stdout                                 0x20000030   Data           4  usart.o(.data)
    USART_RX_STA                             0x20000034   Data           2  usart.o(.data)
    OLED_GRAM                                0x2000004c   Data        1152  oled.o(.bss)
    USART_RX_BUF                             0x200004cc   Data         200  usart.o(.bss)
    __libspace_start                         0x20000594   Data          96  libspace.o(.bss)
    __temporary_stack_top$libspace           0x200005f4   Data           0  libspace.o(.bss)



==============================================================================

Memory Map of the image

  Image Entry point : 0x080001ed

  Load Region LR_1 (Base: 0x08000000, Size: 0x00005440, Max: 0xffffffff, ABSOLUTE)

    Execution Region ER_RO (Exec base: 0x08000000, Load base: 0x08000000, Size: 0x000053f4, Max: 0xffffffff, ABSOLUTE)

    Exec Addr    Load Addr    Size         Type   Attr      Idx    E Section Name        Object

    0x08000000   0x08000000   0x00000130   Data   RO          663    RESET               startup_stm32f10x_hd.o
    0x08000130   0x08000130   0x00000008   Code   RO         1280  * !!!main             c_w.l(__main.o)
    0x08000138   0x08000138   0x00000034   Code   RO         1528    !!!scatter          c_w.l(__scatter.o)
    0x0800016c   0x0800016c   0x0000001a   Code   RO         1530    !!handler_copy      c_w.l(__scatter_copy.o)
    0x08000186   0x08000186   0x00000002   PAD
    0x08000188   0x08000188   0x0000001c   Code   RO         1532    !!handler_zi        c_w.l(__scatter_zi.o)
    0x080001a4   0x080001a4   0x00000000   Code   RO         1277    .ARM.Collect$$_printf_percent$$00000000  c_w.l(_printf_percent.o)
    0x080001a4   0x080001a4   0x00000006   Code   RO         1276    .ARM.Collect$$_printf_percent$$00000003  c_w.l(_printf_f.o)
    0x080001aa   0x080001aa   0x00000006   Code   RO         1275    .ARM.Collect$$_printf_percent$$0000000C  c_w.l(_printf_x.o)
    0x080001b0   0x080001b0   0x00000004   Code   RO         1315    .ARM.Collect$$_printf_percent$$00000017  c_w.l(_printf_percent_end.o)
    0x080001b4   0x080001b4   0x00000002   Code   RO         1403    .ARM.Collect$$libinit$$00000000  c_w.l(libinit.o)
    0x080001b6   0x080001b6   0x00000000   Code   RO         1405    .ARM.Collect$$libinit$$00000002  c_w.l(libinit2.o)
    0x080001b6   0x080001b6   0x00000000   Code   RO         1407    .ARM.Collect$$libinit$$00000004  c_w.l(libinit2.o)
    0x080001b6   0x080001b6   0x00000000   Code   RO         1410    .ARM.Collect$$libinit$$0000000A  c_w.l(libinit2.o)
    0x080001b6   0x080001b6   0x00000000   Code   RO         1412    .ARM.Collect$$libinit$$0000000C  c_w.l(libinit2.o)
    0x080001b6   0x080001b6   0x00000000   Code   RO         1414    .ARM.Collect$$libinit$$0000000E  c_w.l(libinit2.o)
    0x080001b6   0x080001b6   0x00000006   Code   RO         1415    .ARM.Collect$$libinit$$0000000F  c_w.l(libinit2.o)
    0x080001bc   0x080001bc   0x00000000   Code   RO         1417    .ARM.Collect$$libinit$$00000011  c_w.l(libinit2.o)
    0x080001bc   0x080001bc   0x00000000   Code   RO         1419    .ARM.Collect$$libinit$$00000013  c_w.l(libinit2.o)
    0x080001bc   0x080001bc   0x00000000   Code   RO         1421    .ARM.Collect$$libinit$$00000015  c_w.l(libinit2.o)
    0x080001bc   0x080001bc   0x0000000a   Code   RO         1422    .ARM.Collect$$libinit$$00000016  c_w.l(libinit2.o)
    0x080001c6   0x080001c6   0x00000000   Code   RO         1423    .ARM.Collect$$libinit$$00000017  c_w.l(libinit2.o)
    0x080001c6   0x080001c6   0x00000000   Code   RO         1425    .ARM.Collect$$libinit$$00000019  c_w.l(libinit2.o)
    0x080001c6   0x080001c6   0x00000000   Code   RO         1427    .ARM.Collect$$libinit$$0000001B  c_w.l(libinit2.o)
    0x080001c6   0x080001c6   0x00000000   Code   RO         1429    .ARM.Collect$$libinit$$0000001D  c_w.l(libinit2.o)
    0x080001c6   0x080001c6   0x00000000   Code   RO         1431    .ARM.Collect$$libinit$$0000001F  c_w.l(libinit2.o)
    0x080001c6   0x080001c6   0x00000000   Code   RO         1433    .ARM.Collect$$libinit$$00000021  c_w.l(libinit2.o)
    0x080001c6   0x080001c6   0x00000000   Code   RO         1435    .ARM.Collect$$libinit$$00000023  c_w.l(libinit2.o)
    0x080001c6   0x080001c6   0x00000000   Code   RO         1437    .ARM.Collect$$libinit$$00000025  c_w.l(libinit2.o)
    0x080001c6   0x080001c6   0x00000000   Code   RO         1441    .ARM.Collect$$libinit$$0000002C  c_w.l(libinit2.o)
    0x080001c6   0x080001c6   0x00000000   Code   RO         1443    .ARM.Collect$$libinit$$0000002E  c_w.l(libinit2.o)
    0x080001c6   0x080001c6   0x00000000   Code   RO         1445    .ARM.Collect$$libinit$$00000030  c_w.l(libinit2.o)
    0x080001c6   0x080001c6   0x00000000   Code   RO         1447    .ARM.Collect$$libinit$$00000032  c_w.l(libinit2.o)
    0x080001c6   0x080001c6   0x00000002   Code   RO         1448    .ARM.Collect$$libinit$$00000033  c_w.l(libinit2.o)
    0x080001c8   0x080001c8   0x00000002   Code   RO         1476    .ARM.Collect$$libshutdown$$00000000  c_w.l(libshutdown.o)
    0x080001ca   0x080001ca   0x00000000   Code   RO         1485    .ARM.Collect$$libshutdown$$00000002  c_w.l(libshutdown2.o)
    0x080001ca   0x080001ca   0x00000000   Code   RO         1487    .ARM.Collect$$libshutdown$$00000004  c_w.l(libshutdown2.o)
    0x080001ca   0x080001ca   0x00000000   Code   RO         1489    .ARM.Collect$$libshutdown$$00000006  c_w.l(libshutdown2.o)
    0x080001ca   0x080001ca   0x00000000   Code   RO         1492    .ARM.Collect$$libshutdown$$00000009  c_w.l(libshutdown2.o)
    0x080001ca   0x080001ca   0x00000000   Code   RO         1495    .ARM.Collect$$libshutdown$$0000000C  c_w.l(libshutdown2.o)
    0x080001ca   0x080001ca   0x00000000   Code   RO         1497    .ARM.Collect$$libshutdown$$0000000E  c_w.l(libshutdown2.o)
    0x080001ca   0x080001ca   0x00000000   Code   RO         1500    .ARM.Collect$$libshutdown$$00000011  c_w.l(libshutdown2.o)
    0x080001ca   0x080001ca   0x00000002   Code   RO         1501    .ARM.Collect$$libshutdown$$00000012  c_w.l(libshutdown2.o)
    0x080001cc   0x080001cc   0x00000000   Code   RO         1308    .ARM.Collect$$rtentry$$00000000  c_w.l(__rtentry.o)
    0x080001cc   0x080001cc   0x00000000   Code   RO         1326    .ARM.Collect$$rtentry$$00000002  c_w.l(__rtentry2.o)
    0x080001cc   0x080001cc   0x00000006   Code   RO         1338    .ARM.Collect$$rtentry$$00000004  c_w.l(__rtentry4.o)
    0x080001d2   0x080001d2   0x00000000   Code   RO         1328    .ARM.Collect$$rtentry$$00000009  c_w.l(__rtentry2.o)
    0x080001d2   0x080001d2   0x00000004   Code   RO         1329    .ARM.Collect$$rtentry$$0000000A  c_w.l(__rtentry2.o)
    0x080001d6   0x080001d6   0x00000000   Code   RO         1331    .ARM.Collect$$rtentry$$0000000C  c_w.l(__rtentry2.o)
    0x080001d6   0x080001d6   0x00000008   Code   RO         1332    .ARM.Collect$$rtentry$$0000000D  c_w.l(__rtentry2.o)
    0x080001de   0x080001de   0x00000002   Code   RO         1449    .ARM.Collect$$rtexit$$00000000  c_w.l(rtexit.o)
    0x080001e0   0x080001e0   0x00000000   Code   RO         1456    .ARM.Collect$$rtexit$$00000002  c_w.l(rtexit2.o)
    0x080001e0   0x080001e0   0x00000004   Code   RO         1457    .ARM.Collect$$rtexit$$00000003  c_w.l(rtexit2.o)
    0x080001e4   0x080001e4   0x00000006   Code   RO         1458    .ARM.Collect$$rtexit$$00000004  c_w.l(rtexit2.o)
    0x080001ea   0x080001ea   0x00000002   PAD
    0x080001ec   0x080001ec   0x00000040   Code   RO          664  * .text               startup_stm32f10x_hd.o
    0x0800022c   0x0800022c   0x00000002   Code   RO         1224    .text               c_w.l(use_no_semi_2.o)
    0x0800022e   0x0800022e   0x00000002   PAD
    0x08000230   0x08000230   0x00000018   Code   RO         1228    .text               c_w.l(noretval__2printf.o)
    0x08000248   0x08000248   0x0000004e   Code   RO         1232    .text               c_w.l(_printf_pad.o)
    0x08000296   0x08000296   0x00000002   PAD
    0x08000298   0x08000298   0x00000058   Code   RO         1237    .text               c_w.l(_printf_hex_int.o)
    0x080002f0   0x080002f0   0x0000010e   Code   RO         1263    .text               c_w.l(__printf_wp.o)
    0x080003fe   0x080003fe   0x00000006   Code   RO         1278    .text               c_w.l(heapauxi.o)
    0x08000404   0x08000404   0x00000002   Code   RO         1306    .text               c_w.l(use_no_semi.o)
    0x08000406   0x08000406   0x000000b2   Code   RO         1309    .text               c_w.l(_printf_intcommon.o)
    0x080004b8   0x080004b8   0x0000041e   Code   RO         1311    .text               c_w.l(_printf_fp_dec.o)
    0x080008d6   0x080008d6   0x00000002   PAD
    0x080008d8   0x080008d8   0x00000024   Code   RO         1313    .text               c_w.l(_printf_char_file.o)
    0x080008fc   0x080008fc   0x00000008   Code   RO         1343    .text               c_w.l(rt_locale_intlibspace.o)
    0x08000904   0x08000904   0x0000008a   Code   RO         1345    .text               c_w.l(lludiv10.o)
    0x0800098e   0x0800098e   0x00000002   PAD
    0x08000990   0x08000990   0x00000030   Code   RO         1347    .text               c_w.l(_printf_char_common.o)
    0x080009c0   0x080009c0   0x00000080   Code   RO         1349    .text               c_w.l(_printf_fp_infnan.o)
    0x08000a40   0x08000a40   0x000000e4   Code   RO         1351    .text               c_w.l(bigflt0.o)
    0x08000b24   0x08000b24   0x00000008   Code   RO         1376    .text               c_w.l(ferror.o)
    0x08000b2c   0x08000b2c   0x00000008   Code   RO         1387    .text               c_w.l(libspace.o)
    0x08000b34   0x08000b34   0x0000004a   Code   RO         1390    .text               c_w.l(sys_stackheap_outer.o)
    0x08000b7e   0x08000b7e   0x00000012   Code   RO         1394    .text               c_w.l(exit.o)
    0x08000b90   0x08000b90   0x00000080   Code   RO         1396    .text               c_w.l(strcmpv7m.o)
    0x08000c10   0x08000c10   0x0000003e   Code   RO         1354    CL$$btod_d2e        c_w.l(btod.o)
    0x08000c4e   0x08000c4e   0x00000046   Code   RO         1356    CL$$btod_d2e_denorm_low  c_w.l(btod.o)
    0x08000c94   0x08000c94   0x00000060   Code   RO         1355    CL$$btod_d2e_norm_op1  c_w.l(btod.o)
    0x08000cf4   0x08000cf4   0x00000338   Code   RO         1364    CL$$btod_div_common  c_w.l(btod.o)
    0x0800102c   0x0800102c   0x000000dc   Code   RO         1361    CL$$btod_e2e        c_w.l(btod.o)
    0x08001108   0x08001108   0x0000002a   Code   RO         1358    CL$$btod_ediv       c_w.l(btod.o)
    0x08001132   0x08001132   0x0000002a   Code   RO         1357    CL$$btod_emul       c_w.l(btod.o)
    0x0800115c   0x0800115c   0x00000244   Code   RO         1363    CL$$btod_mult_common  c_w.l(btod.o)
    0x080013a0   0x080013a0   0x00000004   Code   RO          137    i.BusFault_Handler  stm32f10x_it.o
    0x080013a4   0x080013a4   0x00000034   Code   RO          496    i.CS1237_GPIO_Init  cs1237.o
    0x080013d8   0x080013d8   0x00000024   Code   RO          497    i.CS1237_SDA_SetInput  cs1237.o
    0x080013fc   0x080013fc   0x00000024   Code   RO          498    i.CS1237_SDA_SetOutput  cs1237.o
    0x08001420   0x08001420   0x000001f8   Code   RO          499    i.Con_CS1237        cs1237.o
    0x08001618   0x08001618   0x00000002   Code   RO          138    i.DebugMon_Handler  stm32f10x_it.o
    0x0800161a   0x0800161a   0x00000116   Code   RO          710    i.GPIO_Init         stm32f10x_gpio.o
    0x08001730   0x08001730   0x00000012   Code   RO          714    i.GPIO_ReadInputDataBit  stm32f10x_gpio.o
    0x08001742   0x08001742   0x00000004   Code   RO          717    i.GPIO_ResetBits    stm32f10x_gpio.o
    0x08001746   0x08001746   0x00000004   Code   RO          718    i.GPIO_SetBits      stm32f10x_gpio.o
    0x0800174a   0x0800174a   0x00000004   Code   RO          139    i.HardFault_Handler  stm32f10x_it.o
    0x0800174e   0x0800174e   0x00000002   PAD
    0x08001750   0x08001750   0x00000030   Code   RO          272    i.I2CStart          tm1637.o
    0x08001780   0x08001780   0x00000048   Code   RO          273    i.I2CStop           tm1637.o
    0x080017c8   0x080017c8   0x00000058   Code   RO          274    i.I2CWrByte         tm1637.o
    0x08001820   0x08001820   0x0000003c   Code   RO          335    i.I2C_Start         oled.o
    0x0800185c   0x0800185c   0x0000002c   Code   RO          336    i.I2C_Stop          oled.o
    0x08001888   0x08001888   0x00000034   Code   RO          337    i.I2C_WaitAck       oled.o
    0x080018bc   0x080018bc   0x0000004c   Code   RO          275    i.I2Cask            tm1637.o
    0x08001908   0x08001908   0x00000010   Code   RO          338    i.IIC_delay         oled.o
    0x08001918   0x08001918   0x00000058   Code   RO          260    i.LED_Init          led.o
    0x08001970   0x08001970   0x00000004   Code   RO          140    i.MemManage_Handler  stm32f10x_it.o
    0x08001974   0x08001974   0x00000002   Code   RO          141    i.NMI_Handler       stm32f10x_it.o
    0x08001976   0x08001976   0x00000002   PAD
    0x08001978   0x08001978   0x00000070   Code   RO          668    i.NVIC_Init         misc.o
    0x080019e8   0x080019e8   0x00000030   Code   RO          339    i.OLED_Clear        oled.o
    0x08001a18   0x08001a18   0x0000001c   Code   RO          340    i.OLED_ColorTurn    oled.o
    0x08001a34   0x08001a34   0x0000002c   Code   RO          343    i.OLED_DisplayTurn  oled.o
    0x08001a60   0x08001a60   0x00000078   Code   RO          346    i.OLED_DrawPoint    oled.o
    0x08001ad8   0x08001ad8   0x00000168   Code   RO          347    i.OLED_Init         oled.o
    0x08001c40   0x08001c40   0x00000016   Code   RO          348    i.OLED_Pow          oled.o
    0x08001c56   0x08001c56   0x00000002   PAD
    0x08001c58   0x08001c58   0x00000068   Code   RO          349    i.OLED_Refresh      oled.o
    0x08001cc0   0x08001cc0   0x0000013c   Code   RO          351    i.OLED_ShowChar     oled.o
    0x08001dfc   0x08001dfc   0x00000104   Code   RO          352    i.OLED_ShowChinese  oled.o
    0x08001f00   0x08001f00   0x0000008c   Code   RO          353    i.OLED_ShowDianya   oled.o
    0x08001f8c   0x08001f8c   0x0000008c   Code   RO          354    i.OLED_ShowNum      oled.o
    0x08002018   0x08002018   0x0000004a   Code   RO          356    i.OLED_ShowString   oled.o
    0x08002062   0x08002062   0x00000038   Code   RO          357    i.OLED_WR_Byte      oled.o
    0x0800209a   0x0800209a   0x00000002   Code   RO          142    i.PendSV_Handler    stm32f10x_it.o
    0x0800209c   0x0800209c   0x00000020   Code   RO          846    i.RCC_APB2PeriphClockCmd  stm32f10x_rcc.o
    0x080020bc   0x080020bc   0x000000d4   Code   RO          854    i.RCC_GetClocksFreq  stm32f10x_rcc.o
    0x08002190   0x08002190   0x000000f4   Code   RO          501    i.Read_CS1237       cs1237.o
    0x08002284   0x08002284   0x00000002   Code   RO          143    i.SVC_Handler       stm32f10x_it.o
    0x08002286   0x08002286   0x00000002   PAD
    0x08002288   0x08002288   0x00000054   Code   RO          358    i.Send_Byte         oled.o
    0x080022dc   0x080022dc   0x00000008   Code   RO          226    i.SetSysClock       system_stm32f10x.o
    0x080022e4   0x080022e4   0x000000e0   Code   RO          227    i.SetSysClockTo72   system_stm32f10x.o
    0x080023c4   0x080023c4   0x00000028   Code   RO          672    i.SysTick_CLKSourceConfig  misc.o
    0x080023ec   0x080023ec   0x00000002   Code   RO          144    i.SysTick_Handler   stm32f10x_it.o
    0x080023ee   0x080023ee   0x00000002   PAD
    0x080023f0   0x080023f0   0x00000060   Code   RO          229    i.SystemInit        system_stm32f10x.o
    0x08002450   0x08002450   0x00000024   Code   RO          278    i.TM1637_DIO_SetInput  tm1637.o
    0x08002474   0x08002474   0x00000024   Code   RO          279    i.TM1637_DIO_SetOutput  tm1637.o
    0x08002498   0x08002498   0x00000110   Code   RO          280    i.TM1637_SHOW       tm1637.o
    0x080025a8   0x080025a8   0x00000088   Code   RO          610    i.USART1_IRQHandler  usart.o
    0x08002630   0x08002630   0x00000018   Code   RO         1046    i.USART_Cmd         stm32f10x_usart.o
    0x08002648   0x08002648   0x00000054   Code   RO         1050    i.USART_GetITStatus  stm32f10x_usart.o
    0x0800269c   0x0800269c   0x0000004a   Code   RO         1052    i.USART_ITConfig    stm32f10x_usart.o
    0x080026e6   0x080026e6   0x00000002   PAD
    0x080026e8   0x080026e8   0x000000d8   Code   RO         1053    i.USART_Init        stm32f10x_usart.o
    0x080027c0   0x080027c0   0x0000000a   Code   RO         1060    i.USART_ReceiveData  stm32f10x_usart.o
    0x080027ca   0x080027ca   0x00000004   Code   RO          145    i.UsageFault_Handler  stm32f10x_it.o
    0x080027ce   0x080027ce   0x00000028   Code   RO         1385    i.__ARM_fpclassify  m_ws.l(fpclassify.o)
    0x080027f6   0x080027f6   0x0000000e   Code   RO         1265    i._is_digit         c_w.l(__printf_wp.o)
    0x08002804   0x08002804   0x00000006   Code   RO          611    i._sys_exit         usart.o
    0x0800280a   0x0800280a   0x00000028   Code   RO          502    i.delay_500us       cs1237.o
    0x08002832   0x08002832   0x00000002   PAD
    0x08002834   0x08002834   0x00000044   Code   RO          555    i.delay_init        delay.o
    0x08002878   0x08002878   0x0000004c   Code   RO          556    i.delay_ms          delay.o
    0x080028c4   0x080028c4   0x0000004c   Code   RO          557    i.delay_us          delay.o
    0x08002910   0x08002910   0x0000001c   Code   RO          612    i.fputc             usart.o
    0x0800292c   0x0800292c   0x000001c8   Code   RO            1    i.main              main.o
    0x08002af4   0x08002af4   0x000000a0   Code   RO          613    i.uart_init         usart.o
    0x08002b94   0x08002b94   0x0000002c   Code   RO         1381    locale$$code        c_w.l(lc_numeric_c.o)
    0x08002bc0   0x08002bc0   0x00000062   Code   RO         1282    x$fpl$d2f           fz_ws.l(d2f.o)
    0x08002c22   0x08002c22   0x00000002   PAD
    0x08002c24   0x08002c24   0x000002b0   Code   RO         1285    x$fpl$ddiv          fz_ws.l(ddiv.o)
    0x08002ed4   0x08002ed4   0x00000026   Code   RO         1288    x$fpl$dfltu         fz_ws.l(dflt_clz.o)
    0x08002efa   0x08002efa   0x00000002   PAD
    0x08002efc   0x08002efc   0x00000154   Code   RO         1294    x$fpl$dmul          fz_ws.l(dmul.o)
    0x08003050   0x08003050   0x0000009c   Code   RO         1316    x$fpl$dnaninf       fz_ws.l(dnaninf.o)
    0x080030ec   0x080030ec   0x0000000c   Code   RO         1318    x$fpl$dretinf       fz_ws.l(dretinf.o)
    0x080030f8   0x080030f8   0x00000056   Code   RO         1296    x$fpl$f2d           fz_ws.l(f2d.o)
    0x0800314e   0x0800314e   0x00000002   PAD
    0x08003150   0x08003150   0x0000003e   Code   RO         1298    x$fpl$ffixu         fz_ws.l(ffixu.o)
    0x0800318e   0x0800318e   0x00000002   PAD
    0x08003190   0x08003190   0x00000102   Code   RO         1302    x$fpl$fmul          fz_ws.l(fmul.o)
    0x08003292   0x08003292   0x0000008c   Code   RO         1320    x$fpl$fnaninf       fz_ws.l(fnaninf.o)
    0x0800331e   0x0800331e   0x0000000a   Code   RO         1322    x$fpl$fretinf       fz_ws.l(fretinf.o)
    0x08003328   0x08003328   0x00000004   Code   RO         1304    x$fpl$printf1       fz_ws.l(printf1.o)
    0x0800332c   0x0800332c   0x00000000   Code   RO         1324    x$fpl$usenofp       fz_ws.l(usenofp.o)
    0x0800332c   0x0800332c   0x00001fd0   Data   RO          360    .constdata          oled.o
    0x080052fc   0x080052fc   0x00000028   Data   RO         1238    .constdata          c_w.l(_printf_hex_int.o)
    0x08005324   0x08005324   0x00000094   Data   RO         1352    .constdata          c_w.l(bigflt0.o)
    0x080053b8   0x080053b8   0x00000020   Data   RO         1526    Region$$Table       anon$$obj.o
    0x080053d8   0x080053d8   0x0000001c   Data   RO         1380    locale$$data        c_w.l(lc_numeric_c.o)


    Execution Region ER_RW (Exec base: 0x20000000, Load base: 0x080053f4, Size: 0x0000004c, Max: 0xffffffff, ABSOLUTE)

    Exec Addr    Load Addr    Size         Type   Attr      Idx    E Section Name        Object

    0x20000000   0x080053f4   0x00000014   Data   RW          230    .data               system_stm32f10x.o
    0x20000014   0x08005408   0x00000014   Data   RW          281    .data               tm1637.o
    0x20000028   0x0800541c   0x00000001   Data   RW          503    .data               cs1237.o
    0x20000029   0x0800541d   0x00000001   PAD
    0x2000002a   0x0800541e   0x00000004   Data   RW          558    .data               delay.o
    0x2000002e   0x08005422   0x00000002   PAD
    0x20000030   0x08005424   0x00000006   Data   RW          615    .data               usart.o
    0x20000036   0x0800542a   0x00000014   Data   RW          874    .data               stm32f10x_rcc.o


    Execution Region ER_ZI (Exec base: 0x2000004c, Load base: 0x08005440, Size: 0x00000bac, Max: 0xffffffff, ABSOLUTE)

    Exec Addr    Load Addr    Size         Type   Attr      Idx    E Section Name        Object

    0x2000004c        -       0x00000480   Zero   RW          359    .bss                oled.o
    0x200004cc        -       0x000000c8   Zero   RW          614    .bss                usart.o
    0x20000594        -       0x00000060   Zero   RW         1388    .bss                c_w.l(libspace.o)
    0x200005f4   0x08005440   0x00000004   PAD
    0x200005f8        -       0x00000200   Zero   RW          662    HEAP                startup_stm32f10x_hd.o
    0x200007f8        -       0x00000400   Zero   RW          661    STACK               startup_stm32f10x_hd.o


==============================================================================

Image component sizes


      Code (inc. data)   RO Data    RW Data    ZI Data      Debug   Object Name

       912         50          0          1          0       4120   cs1237.o
       220         26          0          4          0       1719   delay.o
        88         10          0          0          0        503   led.o
       456         82          0          0          0     231703   main.o
       152         12          0          0          0       1538   misc.o
      1968         88       8144          0       1152      12611   oled.o
        64         26        304          0       1536        804   startup_stm32f10x_hd.o
       304          0          0          0          0       3656   stm32f10x_gpio.o
        26          0          0          0          0       3694   stm32f10x_it.o
       244         26          0         20          0       3861   stm32f10x_rcc.o
       408          6          0          0          0       4998   stm32f10x_usart.o
         0          0          0          0          0         32   sys.o
       328         28          0         20          0       2077   system_stm32f10x.o
       628         44          0         20          0       4316   tm1637.o
       330         26          0          6        200       4140   usart.o

    ----------------------------------------------------------------------
      6142        424       8480         76       2888     279772   Object Totals
         0          0         32          0          0          0   (incl. Generated)
        14          0          0          5          0          0   (incl. Padding)

    ----------------------------------------------------------------------

      Code (inc. data)   RO Data    RW Data    ZI Data      Debug   Library Member Name

         8          0          0          0          0         68   __main.o
       284          0          0          0          0        156   __printf_wp.o
         0          0          0          0          0          0   __rtentry.o
        12          0          0          0          0          0   __rtentry2.o
         6          0          0          0          0          0   __rtentry4.o
        52          8          0          0          0          0   __scatter.o
        26          0          0          0          0          0   __scatter_copy.o
        28          0          0          0          0          0   __scatter_zi.o
        48          6          0          0          0         96   _printf_char_common.o
        36          4          0          0          0         80   _printf_char_file.o
         6          0          0          0          0          0   _printf_f.o
      1054          0          0          0          0        216   _printf_fp_dec.o
       128         16          0          0          0         84   _printf_fp_infnan.o
        88          4         40          0          0         88   _printf_hex_int.o
       178          0          0          0          0         88   _printf_intcommon.o
        78          0          0          0          0        108   _printf_pad.o
         0          0          0          0          0          0   _printf_percent.o
         4          0          0          0          0          0   _printf_percent_end.o
         6          0          0          0          0          0   _printf_x.o
       228          4        148          0          0         96   bigflt0.o
      1936        128          0          0          0        672   btod.o
        18          0          0          0          0         80   exit.o
         8          0          0          0          0         68   ferror.o
         6          0          0          0          0        152   heapauxi.o
        44         10         28          0          0         76   lc_numeric_c.o
         2          0          0          0          0          0   libinit.o
        18          0          0          0          0          0   libinit2.o
         2          0          0          0          0          0   libshutdown.o
         2          0          0          0          0          0   libshutdown2.o
         8          4          0          0         96         68   libspace.o
       138          0          0          0          0         80   lludiv10.o
        24          4          0          0          0         84   noretval__2printf.o
         8          4          0          0          0         68   rt_locale_intlibspace.o
         2          0          0          0          0          0   rtexit.o
        10          0          0          0          0          0   rtexit2.o
       128          0          0          0          0         68   strcmpv7m.o
        74          0          0          0          0         80   sys_stackheap_outer.o
         2          0          0          0          0         68   use_no_semi.o
         2          0          0          0          0         68   use_no_semi_2.o
        98          4          0          0          0         92   d2f.o
       688        140          0          0          0        208   ddiv.o
        38          0          0          0          0         68   dflt_clz.o
       340         12          0          0          0        104   dmul.o
       156          4          0          0          0         92   dnaninf.o
        12          0          0          0          0         68   dretinf.o
        86          4          0          0          0         84   f2d.o
        62          4          0          0          0         84   ffixu.o
       258          4          0          0          0         84   fmul.o
       140          4          0          0          0         84   fnaninf.o
        10          0          0          0          0         68   fretinf.o
         4          0          0          0          0         68   printf1.o
         0          0          0          0          0          0   usenofp.o
        40          0          0          0          0         68   fpclassify.o

    ----------------------------------------------------------------------
      6654        368        216          0        100       3884   Library Totals
        20          0          0          0          4          0   (incl. Padding)

    ----------------------------------------------------------------------

      Code (inc. data)   RO Data    RW Data    ZI Data      Debug   Library Name

      4702        192        216          0         96       2712   c_w.l
      1892        176          0          0          0       1104   fz_ws.l
        40          0          0          0          0         68   m_ws.l

    ----------------------------------------------------------------------
      6654        368        216          0        100       3884   Library Totals

    ----------------------------------------------------------------------

==============================================================================


      Code (inc. data)   RO Data    RW Data    ZI Data      Debug   

     12796        792       8696         76       2988     278348   Grand Totals
     12796        792       8696         76       2988     278348   ELF Image Totals
     12796        792       8696         76          0          0   ROM Totals

==============================================================================

    Total RO  Size (Code + RO Data)                21492 (  20.99kB)
    Total RW  Size (RW Data + ZI Data)              3064 (   2.99kB)
    Total ROM Size (Code + RO Data + RW Data)      21568 (  21.06kB)

==============================================================================

